******************************************************************************
                  TI ARM Linker PC v5.2.5                      
******************************************************************************
>> Linked Tue Sep 29 12:30:14 2015

OUTPUT FILE NAME:   <Ejemplo UART.out>
ENTRY POINT SYMBOL: "_c_int00"  address: 0000096d


MEMORY CONFIGURATION

         name            origin    length      used     unused   attr    fill
----------------------  --------  ---------  --------  --------  ----  --------
  FLASH                 00000000   00040000  00000df4  0003f20c  R  X
  SRAM                  20000000   00008000  00000215  00007deb  RW X


SEGMENT ALLOCATION MAP

run origin  load origin   length   init length attrs members
----------  ----------- ---------- ----------- ----- -------
00000000    00000000    00000df8   00000df8    r-x
  00000000    00000000    0000026c   0000026c    r-- .intvecs
  0000026c    0000026c    000009e4   000009e4    r-x .text
  00000c50    00000c50    0000016c   0000016c    r-- .const
  00000dc0    00000dc0    00000038   00000038    r-- .cinit
20000000    20000000    00000215   00000000    rw-
  20000000    20000000    00000200   00000000    rw- .stack
  20000200    20000200    00000014   00000000    rw- .data
  20000214    20000214    00000001   00000000    rw- .bss


SECTION ALLOCATION MAP

 output                                  attributes/
section   page    origin      length       input sections
--------  ----  ----------  ----------   ----------------
.intvecs   0    00000000    0000026c     
                  00000000    0000026c     tm4c123gh6pm_startup_ccs.obj (.intvecs)

.text      0    0000026c    000009e4     
                  0000026c    0000017c     main.obj (.text)
                  000003e8    00000130     driverlib.lib : gpio.obj (.text:GPIOPadConfigSet)
                  00000518    0000010c                   : sysctl.obj (.text:SysCtlClockGet)
                  00000624    000000f0                   : sysctl.obj (.text:SysCtlClockSet)
                  00000714    0000009c     rtsv7M4_T_le_v4SPD16_eabi.lib : memcpy_t2.obj (.text)
                  000007b0    0000007a                                   : memset_t2.obj (.text)
                  0000082a    00000002     --HOLE-- [fill = 0]
                  0000082c    0000006c                                   : autoinit.obj (.text)
                  00000898    0000006a                                   : copy_decompress_rle.obj (.text)
                  00000902    00000002     --HOLE-- [fill = 0]
                  00000904    00000068     driverlib.lib : interrupt.obj (.text:IntEnable)
                  0000096c    00000050     rtsv7M4_T_le_v4SPD16_eabi.lib : boot.obj (.text)
                  000009bc    0000004c                                   : cpy_tbl.obj (.text)
                  00000a08    00000048     driverlib.lib : gpio.obj (.text:GPIOPinConfigure)
                  00000a50    00000044     rtsv7M4_T_le_v4SPD16_eabi.lib : exit.obj (.text)
                  00000a94    00000042     driverlib.lib : uart.obj (.text:UARTConfigSetExpClk)
                  00000ad6    00000002     --HOLE-- [fill = 0]
                  00000ad8    00000034                   : sysctl.obj (.text:SysCtlPeripheralEnable)
                  00000b0c    0000002a                   : gpio.obj (.text:GPIODirModeSet)
                  00000b36    00000002     --HOLE-- [fill = 0]
                  00000b38    0000001c                   : uart.obj (.text:UARTDisable)
                  00000b54    00000018                   : gpio.obj (.text:GPIOPinTypeGPIOOutput)
                  00000b6c    00000018     rtsv7M4_T_le_v4SPD16_eabi.lib : args_main.obj (.text)
                  00000b84    00000014     driverlib.lib : uart.obj (.text:UARTEnable)
                  00000b98    00000014     rtsv7M4_T_le_v4SPD16_eabi.lib : _lock.obj (.text)
                  00000bac    00000012     driverlib.lib : gpio.obj (.text:GPIOPinTypeUART)
                  00000bbe    00000010                   : interrupt.obj (.text:IntMasterEnable)
                  00000bce    0000000e                   : uart.obj (.text:UARTCharGetNonBlocking)
                  00000bdc    0000000e     rtsv7M4_T_le_v4SPD16_eabi.lib : copy_decompress_none.obj (.text:decompress:none)
                  00000bea    0000000c     driverlib.lib : cpu.obj (.text:CPUcpsie)
                  00000bf6    0000000c                   : uart.obj (.text:UARTCharsAvail)
                  00000c02    0000000c     rtsv7M4_T_le_v4SPD16_eabi.lib : copy_zero_init.obj (.text:decompress:ZI)
                  00000c0e    0000000c     tm4c123gh6pm_startup_ccs.obj (.text)
                  00000c1a    0000000a     driverlib.lib : uart.obj (.text:UARTCharPut)
                  00000c24    0000000a                   : uart.obj (.text:UARTIntStatus)
                  00000c2e    00000008                   : uart.obj (.text:UARTIntEnable)
                  00000c36    00000006                   : gpio.obj (.text:GPIOPinWrite)
                  00000c3c    00000006                   : sysctl.obj (.text:SysCtlDelay)
                  00000c42    00000006     rtsv7M4_T_le_v4SPD16_eabi.lib : copy_decompress_rle.obj (.text:decompress:rle24)
                  00000c48    00000004     driverlib.lib : uart.obj (.text:UARTIntClear)
                  00000c4c    00000004     rtsv7M4_T_le_v4SPD16_eabi.lib : pre_init.obj (.text)

.const     0    00000c50    0000016c     
                  00000c50    00000090     driverlib.lib : gpio.obj (.const:g_pui32GPIOBaseAddrs)
                  00000ce0    00000070                   : interrupt.obj (.const)
                  00000d50    0000006c                   : sysctl.obj (.const:g_pui32Xtals)

.cinit     0    00000dc0    00000038     
                  00000dc0    0000000f     (.cinit..data.load) [load image, compression = rle]
                  00000dcf    00000001     --HOLE-- [fill = 0]
                  00000dd0    0000000c     (__TI_handler_table)
                  00000ddc    00000004     --HOLE-- [fill = 0]
                  00000de0    00000008     (.cinit..bss.load) [load image, compression = zero_init]
                  00000de8    00000010     (__TI_cinit_table)

.init_array 
*          0    00000000    00000000     UNINITIALIZED

.stack     0    20000000    00000200     UNINITIALIZED
                  20000000    00000200     --HOLE--

.data      0    20000200    00000014     UNINITIALIZED
                  20000200    00000008     rtsv7M4_T_le_v4SPD16_eabi.lib : _lock.obj (.data)
                  20000208    00000008                                   : exit.obj (.data)
                  20000210    00000004                                   : stkdepth_vars.obj (.data)

.bss       0    20000214    00000001     UNINITIALIZED
                  20000214    00000001     (.common:car)

.TI.persistent 
*          0    20000200    00000000     UNINITIALIZED

.TI.noinit 
*          0    20000214    00000000     UNINITIALIZED


LINKER GENERATED COPY TABLES

__TI_cinit_table @ 00000de8 records: 2, size/record: 8, table size: 16
	.data: load addr=00000dc0, load size=0000000f bytes, run addr=20000200, run size=00000014 bytes, compression=rle
	.bss: load addr=00000de0, load size=00000008 bytes, run addr=20000214, run size=00000001 bytes, compression=zero_init


LINKER GENERATED HANDLER TABLE

__TI_handler_table @ 00000dd0 records: 3, size/record: 4, table size: 12
	index: 0, handler: __TI_decompress_rle24
	index: 1, handler: __TI_decompress_none
	index: 2, handler: __TI_zero_init


GLOBAL SYMBOLS: SORTED ALPHABETICALLY BY Name 

address   name                    
-------   ----                    
00000a51  C$$EXIT                 
00000beb  CPUcpsie                
00000b0d  GPIODirModeSet          
000003e9  GPIOPadConfigSet        
00000a09  GPIOPinConfigure        
00000b55  GPIOPinTypeGPIOOutput   
00000bad  GPIOPinTypeUART         
00000c37  GPIOPinWrite            
00000905  IntEnable               
00000bbf  IntMasterEnable         
00000c0f  ResetISR                
UNDEFED   SHT$$INIT_ARRAY$$Base   
UNDEFED   SHT$$INIT_ARRAY$$Limit  
00000519  SysCtlClockGet          
00000625  SysCtlClockSet          
00000c3d  SysCtlDelay             
00000ad9  SysCtlPeripheralEnable  
00000bcf  UARTCharGetNonBlocking  
00000c1b  UARTCharPut             
00000bf7  UARTCharsAvail          
00000a95  UARTConfigSetExpClk     
00000b39  UARTDisable             
00000b85  UARTEnable              
00000c49  UARTIntClear            
00000c2f  UARTIntEnable           
0000026d  UARTIntHandler          
00000c25  UARTIntStatus           
20000200  __STACK_END             
00000200  __STACK_SIZE            
20000200  __STACK_TOP             
00000de8  __TI_CINIT_Base         
00000df8  __TI_CINIT_Limit        
00000dd0  __TI_Handler_Table_Base 
00000ddc  __TI_Handler_Table_Limit
0000082d  __TI_auto_init          
20000208  __TI_cleanup_ptr        
00000bdd  __TI_decompress_none    
00000c43  __TI_decompress_rle24   
2000020c  __TI_dtors_ptr          
00000000  __TI_static_base__      
00000c03  __TI_zero_init          
000007b1  __aeabi_memclr          
000007b1  __aeabi_memclr4         
000007b1  __aeabi_memclr8         
00000715  __aeabi_memcpy          
00000715  __aeabi_memcpy4         
00000715  __aeabi_memcpy8         
000007b3  __aeabi_memset          
000007b3  __aeabi_memset4         
000007b3  __aeabi_memset8         
ffffffff  __binit__               
ffffffff  __c_args__              
20000000  __stack                 
00000b6d  _args_main              
0000096d  _c_int00                
20000200  _lock                   
00000ba7  _nop                    
00000b9f  _register_lock          
00000b99  _register_unlock        
00000c4d  _system_pre_init        
20000204  _unlock                 
00000a55  abort                   
ffffffff  binit                   
20000214  car                     
000009bd  copy_in                 
00000a5d  exit                    
00000000  g_pfnVectors            
000002b3  main                    
20000210  main_func_sp            
00000715  memcpy                  
000007b9  memset                  


GLOBAL SYMBOLS: SORTED BY Symbol Address 

address   name                    
-------   ----                    
00000000  __TI_static_base__      
00000000  g_pfnVectors            
00000200  __STACK_SIZE            
0000026d  UARTIntHandler          
000002b3  main                    
000003e9  GPIOPadConfigSet        
00000519  SysCtlClockGet          
00000625  SysCtlClockSet          
00000715  __aeabi_memcpy          
00000715  __aeabi_memcpy4         
00000715  __aeabi_memcpy8         
00000715  memcpy                  
000007b1  __aeabi_memclr          
000007b1  __aeabi_memclr4         
000007b1  __aeabi_memclr8         
000007b3  __aeabi_memset          
000007b3  __aeabi_memset4         
000007b3  __aeabi_memset8         
000007b9  memset                  
0000082d  __TI_auto_init          
00000905  IntEnable               
0000096d  _c_int00                
000009bd  copy_in                 
00000a09  GPIOPinConfigure        
00000a51  C$$EXIT                 
00000a55  abort                   
00000a5d  exit                    
00000a95  UARTConfigSetExpClk     
00000ad9  SysCtlPeripheralEnable  
00000b0d  GPIODirModeSet          
00000b39  UARTDisable             
00000b55  GPIOPinTypeGPIOOutput   
00000b6d  _args_main              
00000b85  UARTEnable              
00000b99  _register_unlock        
00000b9f  _register_lock          
00000ba7  _nop                    
00000bad  GPIOPinTypeUART         
00000bbf  IntMasterEnable         
00000bcf  UARTCharGetNonBlocking  
00000bdd  __TI_decompress_none    
00000beb  CPUcpsie                
00000bf7  UARTCharsAvail          
00000c03  __TI_zero_init          
00000c0f  ResetISR                
00000c1b  UARTCharPut             
00000c25  UARTIntStatus           
00000c2f  UARTIntEnable           
00000c37  GPIOPinWrite            
00000c3d  SysCtlDelay             
00000c43  __TI_decompress_rle24   
00000c49  UARTIntClear            
00000c4d  _system_pre_init        
00000dd0  __TI_Handler_Table_Base 
00000ddc  __TI_Handler_Table_Limit
00000de8  __TI_CINIT_Base         
00000df8  __TI_CINIT_Limit        
20000000  __stack                 
20000200  __STACK_END             
20000200  __STACK_TOP             
20000200  _lock                   
20000204  _unlock                 
20000208  __TI_cleanup_ptr        
2000020c  __TI_dtors_ptr          
20000210  main_func_sp            
20000214  car                     
ffffffff  __binit__               
ffffffff  __c_args__              
ffffffff  binit                   
UNDEFED   SHT$$INIT_ARRAY$$Base   
UNDEFED   SHT$$INIT_ARRAY$$Limit  

[71 symbols]
