******************************************************************************
                  TI ARM Linker PC v5.2.5                      
******************************************************************************
>> Linked Thu Sep 17 12:20:22 2015

OUTPUT FILE NAME:   <Ejemplo_Servo.out>
ENTRY POINT SYMBOL: "_c_int00"  address: 0000092d


MEMORY CONFIGURATION

         name            origin    length      used     unused   attr    fill
----------------------  --------  ---------  --------  --------  ----  --------
  FLASH                 00000000   00040000  00000cf6  0003f30a  R  X
  SRAM                  20000000   00008000  0000021e  00007de2  RW X


SEGMENT ALLOCATION MAP

run origin  load origin   length   init length attrs members
----------  ----------- ---------- ----------- ----- -------
00000000    00000000    00000cf8   00000cf8    r-x
  00000000    00000000    0000026c   0000026c    r-- .intvecs
  0000026c    0000026c    00000956   00000956    r-x .text
  00000bc4    00000bc4    000000fc   000000fc    r-- .const
  00000cc0    00000cc0    00000038   00000038    r-- .cinit
20000000    20000000    00000221   00000000    rw-
  20000000    20000000    00000200   00000000    rw- .stack
  20000200    20000200    00000015   00000000    rw- .data
  20000218    20000218    00000009   00000000    rw- .bss


SECTION ALLOCATION MAP

 output                                  attributes/
section   page    origin      length       input sections
--------  ----  ----------  ----------   ----------------
.intvecs   0    00000000    0000026c     
                  00000000    0000026c     tm4c123gh6pm_startup_ccs.obj (.intvecs)

.text      0    0000026c    00000956     
                  0000026c    000001a4     main.obj (.text)
                  00000410    00000130     driverlib.lib : gpio.obj (.text:GPIOPadConfigSet)
                  00000540    0000010c                   : sysctl.obj (.text:SysCtlClockGet)
                  0000064c    000000f0                   : sysctl.obj (.text:SysCtlClockSet)
                  0000073c    0000009c     rtsv7M4_T_le_v4SPD16_eabi.lib : memcpy_t2.obj (.text)
                  000007d8    0000007a                                   : memset_t2.obj (.text)
                  00000852    00000002     --HOLE-- [fill = 0]
                  00000854    0000006c                                   : autoinit.obj (.text)
                  000008c0    0000006a                                   : copy_decompress_rle.obj (.text)
                  0000092a    00000002     --HOLE-- [fill = 0]
                  0000092c    00000050                                   : boot.obj (.text)
                  0000097c    0000004c                                   : cpy_tbl.obj (.text)
                  000009c8    00000048     driverlib.lib : gpio.obj (.text:GPIOPinConfigure)
                  00000a10    00000044     rtsv7M4_T_le_v4SPD16_eabi.lib : exit.obj (.text)
                  00000a54    00000034     driverlib.lib : sysctl.obj (.text:SysCtlPeripheralEnable)
                  00000a88    0000002a                   : gpio.obj (.text:GPIODirModeSet)
                  00000ab2    00000022                   : pwm.obj (.text:PWMGenConfigure)
                  00000ad4    0000001e                   : pwm.obj (.text:PWMPulseWidthSet)
                  00000af2    00000002     --HOLE-- [fill = 0]
                  00000af4    00000018     rtsv7M4_T_le_v4SPD16_eabi.lib : args_main.obj (.text)
                  00000b0c    00000014     driverlib.lib : sysctl.obj (.text:SysCtlPWMClockSet)
                  00000b20    00000014     rtsv7M4_T_le_v4SPD16_eabi.lib : _lock.obj (.text)
                  00000b34    00000012     driverlib.lib : gpio.obj (.text:GPIOPinTypeGPIOInput)
                  00000b46    00000012                   : gpio.obj (.text:GPIOPinTypePWM)
                  00000b58    00000012                   : pwm.obj (.text:PWMOutputState)
                  00000b6a    00000010                   : pwm.obj (.text:PWMGenPeriodSet)
                  00000b7a    0000000e     rtsv7M4_T_le_v4SPD16_eabi.lib : copy_decompress_none.obj (.text:decompress:none)
                  00000b88    0000000c     driverlib.lib : pwm.obj (.text:PWMGenEnable)
                  00000b94    0000000c     rtsv7M4_T_le_v4SPD16_eabi.lib : copy_zero_init.obj (.text:decompress:ZI)
                  00000ba0    0000000c     tm4c123gh6pm_startup_ccs.obj (.text)
                  00000bac    00000006     driverlib.lib : gpio.obj (.text:GPIOPinRead)
                  00000bb2    00000006                   : sysctl.obj (.text:SysCtlDelay)
                  00000bb8    00000006     rtsv7M4_T_le_v4SPD16_eabi.lib : copy_decompress_rle.obj (.text:decompress:rle24)
                  00000bbe    00000004                                   : pre_init.obj (.text)

.const     0    00000bc4    000000fc     
                  00000bc4    00000090     driverlib.lib : gpio.obj (.const:g_pui32GPIOBaseAddrs)
                  00000c54    0000006c                   : sysctl.obj (.const:g_pui32Xtals)

.cinit     0    00000cc0    00000038     
                  00000cc0    00000010     (.cinit..data.load) [load image, compression = rle]
                  00000cd0    0000000c     (__TI_handler_table)
                  00000cdc    00000004     --HOLE-- [fill = 0]
                  00000ce0    00000008     (.cinit..bss.load) [load image, compression = zero_init]
                  00000ce8    00000010     (__TI_cinit_table)

.init_array 
*          0    00000000    00000000     UNINITIALIZED

.stack     0    20000000    00000200     UNINITIALIZED
                  20000000    00000200     --HOLE--

.data      0    20000200    00000015     UNINITIALIZED
                  20000200    00000008     rtsv7M4_T_le_v4SPD16_eabi.lib : _lock.obj (.data)
                  20000208    00000008                                   : exit.obj (.data)
                  20000210    00000004                                   : stkdepth_vars.obj (.data)
                  20000214    00000001     main.obj (.data)

.bss       0    20000218    00000009     UNINITIALIZED
                  20000218    00000004     (.common:Load)
                  2000021c    00000004     (.common:PWMClock)
                  20000220    00000001     (.common:Ancho)

.TI.persistent 
*          0    20000200    00000000     UNINITIALIZED

.TI.noinit 
*          0    20000218    00000000     UNINITIALIZED


LINKER GENERATED COPY TABLES

__TI_cinit_table @ 00000ce8 records: 2, size/record: 8, table size: 16
	.data: load addr=00000cc0, load size=00000010 bytes, run addr=20000200, run size=00000015 bytes, compression=rle
	.bss: load addr=00000ce0, load size=00000008 bytes, run addr=20000218, run size=00000009 bytes, compression=zero_init


LINKER GENERATED HANDLER TABLE

__TI_handler_table @ 00000cd0 records: 3, size/record: 4, table size: 12
	index: 0, handler: __TI_decompress_rle24
	index: 1, handler: __TI_decompress_none
	index: 2, handler: __TI_zero_init


GLOBAL SYMBOLS: SORTED ALPHABETICALLY BY Name 

address   name                    
-------   ----                    
20000220  Ancho                   
20000214  Angulo                  
00000a11  C$$EXIT                 
00000363  ConfiguracionPWM        
000003ad  Conversion              
00000a89  GPIODirModeSet          
00000411  GPIOPadConfigSet        
000009c9  GPIOPinConfigure        
00000bad  GPIOPinRead             
00000b35  GPIOPinTypeGPIOInput    
00000b47  GPIOPinTypePWM          
20000218  Load                    
2000021c  PWMClock                
00000ab3  PWMGenConfigure         
00000b89  PWMGenEnable            
00000b6b  PWMGenPeriodSet         
00000b59  PWMOutputState          
00000ad5  PWMPulseWidthSet        
00000ba1  ResetISR                
UNDEFED   SHT$$INIT_ARRAY$$Base   
UNDEFED   SHT$$INIT_ARRAY$$Limit  
00000541  SysCtlClockGet          
0000064d  SysCtlClockSet          
00000bb3  SysCtlDelay             
00000b0d  SysCtlPWMClockSet       
00000a55  SysCtlPeripheralEnable  
20000200  __STACK_END             
00000200  __STACK_SIZE            
20000200  __STACK_TOP             
00000ce8  __TI_CINIT_Base         
00000cf8  __TI_CINIT_Limit        
00000cd0  __TI_Handler_Table_Base 
00000cdc  __TI_Handler_Table_Limit
00000855  __TI_auto_init          
20000208  __TI_cleanup_ptr        
00000b7b  __TI_decompress_none    
00000bb9  __TI_decompress_rle24   
2000020c  __TI_dtors_ptr          
00000000  __TI_static_base__      
00000b95  __TI_zero_init          
000007d9  __aeabi_memclr          
000007d9  __aeabi_memclr4         
000007d9  __aeabi_memclr8         
0000073d  __aeabi_memcpy          
0000073d  __aeabi_memcpy4         
0000073d  __aeabi_memcpy8         
000007db  __aeabi_memset          
000007db  __aeabi_memset4         
000007db  __aeabi_memset8         
ffffffff  __binit__               
ffffffff  __c_args__              
20000000  __stack                 
00000af5  _args_main              
0000092d  _c_int00                
20000200  _lock                   
00000b2f  _nop                    
00000b27  _register_lock          
00000b21  _register_unlock        
00000bbf  _system_pre_init        
20000204  _unlock                 
00000a15  abort                   
ffffffff  binit                   
0000097d  copy_in                 
00000a1d  exit                    
00000000  g_pfnVectors            
0000026d  main                    
20000210  main_func_sp            
0000073d  memcpy                  
000007e1  memset                  


GLOBAL SYMBOLS: SORTED BY Symbol Address 

address   name                    
-------   ----                    
00000000  __TI_static_base__      
00000000  g_pfnVectors            
00000200  __STACK_SIZE            
0000026d  main                    
00000363  ConfiguracionPWM        
000003ad  Conversion              
00000411  GPIOPadConfigSet        
00000541  SysCtlClockGet          
0000064d  SysCtlClockSet          
0000073d  __aeabi_memcpy          
0000073d  __aeabi_memcpy4         
0000073d  __aeabi_memcpy8         
0000073d  memcpy                  
000007d9  __aeabi_memclr          
000007d9  __aeabi_memclr4         
000007d9  __aeabi_memclr8         
000007db  __aeabi_memset          
000007db  __aeabi_memset4         
000007db  __aeabi_memset8         
000007e1  memset                  
00000855  __TI_auto_init          
0000092d  _c_int00                
0000097d  copy_in                 
000009c9  GPIOPinConfigure        
00000a11  C$$EXIT                 
00000a15  abort                   
00000a1d  exit                    
00000a55  SysCtlPeripheralEnable  
00000a89  GPIODirModeSet          
00000ab3  PWMGenConfigure         
00000ad5  PWMPulseWidthSet        
00000af5  _args_main              
00000b0d  SysCtlPWMClockSet       
00000b21  _register_unlock        
00000b27  _register_lock          
00000b2f  _nop                    
00000b35  GPIOPinTypeGPIOInput    
00000b47  GPIOPinTypePWM          
00000b59  PWMOutputState          
00000b6b  PWMGenPeriodSet         
00000b7b  __TI_decompress_none    
00000b89  PWMGenEnable            
00000b95  __TI_zero_init          
00000ba1  ResetISR                
00000bad  GPIOPinRead             
00000bb3  SysCtlDelay             
00000bb9  __TI_decompress_rle24   
00000bbf  _system_pre_init        
00000cd0  __TI_Handler_Table_Base 
00000cdc  __TI_Handler_Table_Limit
00000ce8  __TI_CINIT_Base         
00000cf8  __TI_CINIT_Limit        
20000000  __stack                 
20000200  __STACK_END             
20000200  __STACK_TOP             
20000200  _lock                   
20000204  _unlock                 
20000208  __TI_cleanup_ptr        
2000020c  __TI_dtors_ptr          
20000210  main_func_sp            
20000214  Angulo                  
20000218  Load                    
2000021c  PWMClock                
20000220  Ancho                   
ffffffff  __binit__               
ffffffff  __c_args__              
ffffffff  binit                   
UNDEFED   SHT$$INIT_ARRAY$$Base   
UNDEFED   SHT$$INIT_ARRAY$$Limit  

[69 symbols]
