******************************************************************************
                  TI ARM Linker PC v5.2.5                      
******************************************************************************
>> Linked Wed Sep 16 11:18:18 2015

OUTPUT FILE NAME:   <Ejemplo_PWM.out>
ENTRY POINT SYMBOL: "_c_int00"  address: 000008e9


MEMORY CONFIGURATION

         name            origin    length      used     unused   attr    fill
----------------------  --------  ---------  --------  --------  ----  --------
  FLASH                 00000000   00040000  00000c7c  0003f384  R  X
  SRAM                  20000000   00008000  00000214  00007dec  RW X


SEGMENT ALLOCATION MAP

run origin  load origin   length   init length attrs members
----------  ----------- ---------- ----------- ----- -------
00000000    00000000    00000c80   00000c80    r-x
  00000000    00000000    0000026c   0000026c    r-- .intvecs
  0000026c    0000026c    000008f4   000008f4    r-x .text
  00000b60    00000b60    000000fc   000000fc    r-- .const
  00000c60    00000c60    00000020   00000020    r-- .cinit
20000000    20000000    00000214   00000000    rw-
  20000000    20000000    00000200   00000000    rw- .stack
  20000200    20000200    00000014   00000000    rw- .data


SECTION ALLOCATION MAP

 output                                  attributes/
section   page    origin      length       input sections
--------  ----  ----------  ----------   ----------------
.intvecs   0    00000000    0000026c     
                  00000000    0000026c     tm4c123gh6pm_startup_ccs.obj (.intvecs)

.text      0    0000026c    000008f4     
                  0000026c    00000160     main.obj (.text)
                  000003cc    00000130     driverlib.lib : gpio.obj (.text:GPIOPadConfigSet)
                  000004fc    0000010c                   : sysctl.obj (.text:SysCtlClockGet)
                  00000608    000000f0                   : sysctl.obj (.text:SysCtlClockSet)
                  000006f8    0000009c     rtsv7M4_T_le_v4SPD16_eabi.lib : memcpy_t2.obj (.text)
                  00000794    0000007a                                   : memset_t2.obj (.text)
                  0000080e    00000002     --HOLE-- [fill = 0]
                  00000810    0000006c                                   : autoinit.obj (.text)
                  0000087c    0000006a                                   : copy_decompress_rle.obj (.text)
                  000008e6    00000002     --HOLE-- [fill = 0]
                  000008e8    00000050                                   : boot.obj (.text)
                  00000938    0000004c                                   : cpy_tbl.obj (.text)
                  00000984    00000048     driverlib.lib : gpio.obj (.text:GPIOPinConfigure)
                  000009cc    00000044     rtsv7M4_T_le_v4SPD16_eabi.lib : exit.obj (.text)
                  00000a10    00000034     driverlib.lib : sysctl.obj (.text:SysCtlPeripheralEnable)
                  00000a44    0000002a                   : gpio.obj (.text:GPIODirModeSet)
                  00000a6e    00000022                   : pwm.obj (.text:PWMGenConfigure)
                  00000a90    0000001e                   : pwm.obj (.text:PWMPulseWidthSet)
                  00000aae    00000002     --HOLE-- [fill = 0]
                  00000ab0    00000018     rtsv7M4_T_le_v4SPD16_eabi.lib : args_main.obj (.text)
                  00000ac8    00000014     driverlib.lib : sysctl.obj (.text:SysCtlPWMClockSet)
                  00000adc    00000014     rtsv7M4_T_le_v4SPD16_eabi.lib : _lock.obj (.text)
                  00000af0    00000012     driverlib.lib : gpio.obj (.text:GPIOPinTypePWM)
                  00000b02    00000012                   : pwm.obj (.text:PWMOutputState)
                  00000b14    00000010                   : pwm.obj (.text:PWMGenPeriodSet)
                  00000b24    0000000e     rtsv7M4_T_le_v4SPD16_eabi.lib : copy_decompress_none.obj (.text:decompress:none)
                  00000b32    0000000c     driverlib.lib : pwm.obj (.text:PWMGenEnable)
                  00000b3e    0000000c     tm4c123gh6pm_startup_ccs.obj (.text)
                  00000b4a    00000006     driverlib.lib : gpio.obj (.text:GPIOPinRead)
                  00000b50    00000006                   : sysctl.obj (.text:SysCtlDelay)
                  00000b56    00000006     rtsv7M4_T_le_v4SPD16_eabi.lib : copy_decompress_rle.obj (.text:decompress:rle24)
                  00000b5c    00000004                                   : pre_init.obj (.text)

.const     0    00000b60    000000fc     
                  00000b60    00000090     driverlib.lib : gpio.obj (.const:g_pui32GPIOBaseAddrs)
                  00000bf0    0000006c                   : sysctl.obj (.const:g_pui32Xtals)

.cinit     0    00000c60    00000020     
                  00000c60    0000000f     (.cinit..data.load) [load image, compression = rle]
                  00000c6f    00000001     --HOLE-- [fill = 0]
                  00000c70    00000008     (__TI_handler_table)
                  00000c78    00000008     (__TI_cinit_table)

.init_array 
*          0    00000000    00000000     UNINITIALIZED

.stack     0    20000000    00000200     UNINITIALIZED
                  20000000    00000200     --HOLE--

.data      0    20000200    00000014     UNINITIALIZED
                  20000200    00000008     rtsv7M4_T_le_v4SPD16_eabi.lib : _lock.obj (.data)
                  20000208    00000008                                   : exit.obj (.data)
                  20000210    00000004                                   : stkdepth_vars.obj (.data)

.TI.persistent 
*          0    20000200    00000000     UNINITIALIZED


LINKER GENERATED COPY TABLES

__TI_cinit_table @ 00000c78 records: 1, size/record: 8, table size: 8
	.data: load addr=00000c60, load size=0000000f bytes, run addr=20000200, run size=00000014 bytes, compression=rle


LINKER GENERATED HANDLER TABLE

__TI_handler_table @ 00000c70 records: 2, size/record: 4, table size: 8
	index: 0, handler: __TI_decompress_rle24
	index: 1, handler: __TI_decompress_none


GLOBAL SYMBOLS: SORTED ALPHABETICALLY BY Name 

address   name                    
-------   ----                    
000009cd  C$$EXIT                 
00000a45  GPIODirModeSet          
000003cd  GPIOPadConfigSet        
00000985  GPIOPinConfigure        
00000b4b  GPIOPinRead             
00000af1  GPIOPinTypePWM          
00000a6f  PWMGenConfigure         
00000b33  PWMGenEnable            
00000b15  PWMGenPeriodSet         
00000b03  PWMOutputState          
00000a91  PWMPulseWidthSet        
00000b3f  ResetISR                
UNDEFED   SHT$$INIT_ARRAY$$Base   
UNDEFED   SHT$$INIT_ARRAY$$Limit  
000004fd  SysCtlClockGet          
00000609  SysCtlClockSet          
00000b51  SysCtlDelay             
00000ac9  SysCtlPWMClockSet       
00000a11  SysCtlPeripheralEnable  
20000200  __STACK_END             
00000200  __STACK_SIZE            
20000200  __STACK_TOP             
00000c78  __TI_CINIT_Base         
00000c80  __TI_CINIT_Limit        
00000c70  __TI_Handler_Table_Base 
00000c78  __TI_Handler_Table_Limit
00000811  __TI_auto_init          
20000208  __TI_cleanup_ptr        
00000b25  __TI_decompress_none    
00000b57  __TI_decompress_rle24   
2000020c  __TI_dtors_ptr          
00000000  __TI_static_base__      
00000795  __aeabi_memclr          
00000795  __aeabi_memclr4         
00000795  __aeabi_memclr8         
000006f9  __aeabi_memcpy          
000006f9  __aeabi_memcpy4         
000006f9  __aeabi_memcpy8         
00000797  __aeabi_memset          
00000797  __aeabi_memset4         
00000797  __aeabi_memset8         
ffffffff  __binit__               
ffffffff  __c_args__              
20000000  __stack                 
00000ab1  _args_main              
000008e9  _c_int00                
20000200  _lock                   
00000aeb  _nop                    
00000ae3  _register_lock          
00000add  _register_unlock        
00000b5d  _system_pre_init        
20000204  _unlock                 
000009d1  abort                   
ffffffff  binit                   
00000939  copy_in                 
000009d9  exit                    
00000000  g_pfnVectors            
0000026d  main                    
20000210  main_func_sp            
000006f9  memcpy                  
0000079d  memset                  


GLOBAL SYMBOLS: SORTED BY Symbol Address 

address   name                    
-------   ----                    
00000000  __TI_static_base__      
00000000  g_pfnVectors            
00000200  __STACK_SIZE            
0000026d  main                    
000003cd  GPIOPadConfigSet        
000004fd  SysCtlClockGet          
00000609  SysCtlClockSet          
000006f9  __aeabi_memcpy          
000006f9  __aeabi_memcpy4         
000006f9  __aeabi_memcpy8         
000006f9  memcpy                  
00000795  __aeabi_memclr          
00000795  __aeabi_memclr4         
00000795  __aeabi_memclr8         
00000797  __aeabi_memset          
00000797  __aeabi_memset4         
00000797  __aeabi_memset8         
0000079d  memset                  
00000811  __TI_auto_init          
000008e9  _c_int00                
00000939  copy_in                 
00000985  GPIOPinConfigure        
000009cd  C$$EXIT                 
000009d1  abort                   
000009d9  exit                    
00000a11  SysCtlPeripheralEnable  
00000a45  GPIODirModeSet          
00000a6f  PWMGenConfigure         
00000a91  PWMPulseWidthSet        
00000ab1  _args_main              
00000ac9  SysCtlPWMClockSet       
00000add  _register_unlock        
00000ae3  _register_lock          
00000aeb  _nop                    
00000af1  GPIOPinTypePWM          
00000b03  PWMOutputState          
00000b15  PWMGenPeriodSet         
00000b25  __TI_decompress_none    
00000b33  PWMGenEnable            
00000b3f  ResetISR                
00000b4b  GPIOPinRead             
00000b51  SysCtlDelay             
00000b57  __TI_decompress_rle24   
00000b5d  _system_pre_init        
00000c70  __TI_Handler_Table_Base 
00000c78  __TI_CINIT_Base         
00000c78  __TI_Handler_Table_Limit
00000c80  __TI_CINIT_Limit        
20000000  __stack                 
20000200  __STACK_END             
20000200  __STACK_TOP             
20000200  _lock                   
20000204  _unlock                 
20000208  __TI_cleanup_ptr        
2000020c  __TI_dtors_ptr          
20000210  main_func_sp            
ffffffff  __binit__               
ffffffff  __c_args__              
ffffffff  binit                   
UNDEFED   SHT$$INIT_ARRAY$$Base   
UNDEFED   SHT$$INIT_ARRAY$$Limit  

[61 symbols]
