<?xml version="1.0"?>
<link_info>
   <banner>TI ARM Linker PC v5.2.5</banner>
   <copyright>Copyright (c) 1996-2015 Texas Instruments Incorporated</copyright>
   <link_time>0x560ad8b6</link_time>
   <link_errors>0x0</link_errors>
   <output_file>Ejemplo UART.out</output_file>
   <entry_point>
      <name>_c_int00</name>
      <address>0x96d</address>
   </entry_point>
   <input_file_list>
      <input_file id="fl-2">
         <path>.\</path>
         <kind>object</kind>
         <file>main.obj</file>
         <name>main.obj</name>
      </input_file>
      <input_file id="fl-3">
         <path>.\</path>
         <kind>object</kind>
         <file>tm4c123gh6pm_startup_ccs.obj</file>
         <name>tm4c123gh6pm_startup_ccs.obj</name>
      </input_file>
      <input_file id="fl-9">
         <path>C:\ti\TivaWare_C_Series-2.1.1.71\driverlib\ccs\Debug\</path>
         <kind>archive</kind>
         <file>driverlib.lib</file>
         <name>gpio.obj</name>
      </input_file>
      <input_file id="fl-a">
         <path>C:\ti\TivaWare_C_Series-2.1.1.71\driverlib\ccs\Debug\</path>
         <kind>archive</kind>
         <file>driverlib.lib</file>
         <name>interrupt.obj</name>
      </input_file>
      <input_file id="fl-b">
         <path>C:\ti\TivaWare_C_Series-2.1.1.71\driverlib\ccs\Debug\</path>
         <kind>archive</kind>
         <file>driverlib.lib</file>
         <name>sysctl.obj</name>
      </input_file>
      <input_file id="fl-c">
         <path>C:\ti\TivaWare_C_Series-2.1.1.71\driverlib\ccs\Debug\</path>
         <kind>archive</kind>
         <file>driverlib.lib</file>
         <name>uart.obj</name>
      </input_file>
      <input_file id="fl-d">
         <path>C:\ti\TivaWare_C_Series-2.1.1.71\driverlib\ccs\Debug\</path>
         <kind>archive</kind>
         <file>driverlib.lib</file>
         <name>cpu.obj</name>
      </input_file>
      <input_file id="fl-12f">
         <path>C:\ti\ccsv6\tools\compiler\ti-cgt-arm_5.2.5\lib\</path>
         <kind>archive</kind>
         <file>rtsv7M4_T_le_v4SPD16_eabi.lib</file>
         <name>boot.obj</name>
      </input_file>
      <input_file id="fl-130">
         <path>C:\ti\ccsv6\tools\compiler\ti-cgt-arm_5.2.5\lib\</path>
         <kind>archive</kind>
         <file>rtsv7M4_T_le_v4SPD16_eabi.lib</file>
         <name>copy_decompress_none.obj</name>
      </input_file>
      <input_file id="fl-131">
         <path>C:\ti\ccsv6\tools\compiler\ti-cgt-arm_5.2.5\lib\</path>
         <kind>archive</kind>
         <file>rtsv7M4_T_le_v4SPD16_eabi.lib</file>
         <name>copy_decompress_rle.obj</name>
      </input_file>
      <input_file id="fl-132">
         <path>C:\ti\ccsv6\tools\compiler\ti-cgt-arm_5.2.5\lib\</path>
         <kind>archive</kind>
         <file>rtsv7M4_T_le_v4SPD16_eabi.lib</file>
         <name>copy_zero_init.obj</name>
      </input_file>
      <input_file id="fl-133">
         <path>C:\ti\ccsv6\tools\compiler\ti-cgt-arm_5.2.5\lib\</path>
         <kind>archive</kind>
         <file>rtsv7M4_T_le_v4SPD16_eabi.lib</file>
         <name>exit.obj</name>
      </input_file>
      <input_file id="fl-134">
         <path>C:\ti\ccsv6\tools\compiler\ti-cgt-arm_5.2.5\lib\</path>
         <kind>archive</kind>
         <file>rtsv7M4_T_le_v4SPD16_eabi.lib</file>
         <name>memcpy_t2.obj</name>
      </input_file>
      <input_file id="fl-135">
         <path>C:\ti\ccsv6\tools\compiler\ti-cgt-arm_5.2.5\lib\</path>
         <kind>archive</kind>
         <file>rtsv7M4_T_le_v4SPD16_eabi.lib</file>
         <name>memset_t2.obj</name>
      </input_file>
      <input_file id="fl-136">
         <path>C:\ti\ccsv6\tools\compiler\ti-cgt-arm_5.2.5\lib\</path>
         <kind>archive</kind>
         <file>rtsv7M4_T_le_v4SPD16_eabi.lib</file>
         <name>pre_init.obj</name>
      </input_file>
      <input_file id="fl-137">
         <path>C:\ti\ccsv6\tools\compiler\ti-cgt-arm_5.2.5\lib\</path>
         <kind>archive</kind>
         <file>rtsv7M4_T_le_v4SPD16_eabi.lib</file>
         <name>stkdepth_vars.obj</name>
      </input_file>
      <input_file id="fl-138">
         <path>C:\ti\ccsv6\tools\compiler\ti-cgt-arm_5.2.5\lib\</path>
         <kind>archive</kind>
         <file>rtsv7M4_T_le_v4SPD16_eabi.lib</file>
         <name>_lock.obj</name>
      </input_file>
      <input_file id="fl-139">
         <path>C:\ti\ccsv6\tools\compiler\ti-cgt-arm_5.2.5\lib\</path>
         <kind>archive</kind>
         <file>rtsv7M4_T_le_v4SPD16_eabi.lib</file>
         <name>args_main.obj</name>
      </input_file>
      <input_file id="fl-13a">
         <path>C:\ti\ccsv6\tools\compiler\ti-cgt-arm_5.2.5\lib\</path>
         <kind>archive</kind>
         <file>rtsv7M4_T_le_v4SPD16_eabi.lib</file>
         <name>autoinit.obj</name>
      </input_file>
      <input_file id="fl-13b">
         <path>C:\ti\ccsv6\tools\compiler\ti-cgt-arm_5.2.5\lib\</path>
         <kind>archive</kind>
         <file>rtsv7M4_T_le_v4SPD16_eabi.lib</file>
         <name>cpy_tbl.obj</name>
      </input_file>
   </input_file_list>
   <object_component_list>
      <object_component id="oc-f">
         <name>.intvecs</name>
         <load_address>0x0</load_address>
         <run_address>0x0</run_address>
         <size>0x26c</size>
         <input_file_ref idref="fl-3"/>
      </object_component>
      <object_component id="oc-30">
         <name>.text</name>
         <load_address>0x26c</load_address>
         <run_address>0x26c</run_address>
         <size>0x17c</size>
         <input_file_ref idref="fl-2"/>
      </object_component>
      <object_component id="oc-132">
         <name>.text:GPIOPadConfigSet</name>
         <load_address>0x3e8</load_address>
         <run_address>0x3e8</run_address>
         <size>0x130</size>
         <input_file_ref idref="fl-9"/>
      </object_component>
      <object_component id="oc-93">
         <name>.text:SysCtlClockGet</name>
         <load_address>0x518</load_address>
         <run_address>0x518</run_address>
         <size>0x10c</size>
         <input_file_ref idref="fl-b"/>
      </object_component>
      <object_component id="oc-a0">
         <name>.text:SysCtlClockSet</name>
         <load_address>0x624</load_address>
         <run_address>0x624</run_address>
         <size>0xf0</size>
         <input_file_ref idref="fl-b"/>
      </object_component>
      <object_component id="oc-39">
         <name>.text</name>
         <load_address>0x714</load_address>
         <run_address>0x714</run_address>
         <size>0x9c</size>
         <input_file_ref idref="fl-134"/>
      </object_component>
      <object_component id="oc-52">
         <name>.text</name>
         <load_address>0x7b0</load_address>
         <run_address>0x7b0</run_address>
         <size>0x7a</size>
         <input_file_ref idref="fl-135"/>
      </object_component>
      <object_component id="oc-64">
         <name>.text</name>
         <load_address>0x82c</load_address>
         <run_address>0x82c</run_address>
         <size>0x6c</size>
         <input_file_ref idref="fl-13a"/>
      </object_component>
      <object_component id="oc-45">
         <name>.text</name>
         <load_address>0x898</load_address>
         <run_address>0x898</run_address>
         <size>0x6a</size>
         <input_file_ref idref="fl-131"/>
      </object_component>
      <object_component id="oc-ca">
         <name>.text:IntEnable</name>
         <load_address>0x904</load_address>
         <run_address>0x904</run_address>
         <size>0x68</size>
         <input_file_ref idref="fl-a"/>
      </object_component>
      <object_component id="oc-24">
         <name>.text</name>
         <load_address>0x96c</load_address>
         <run_address>0x96c</run_address>
         <size>0x50</size>
         <input_file_ref idref="fl-12f"/>
      </object_component>
      <object_component id="oc-105">
         <name>.text</name>
         <load_address>0x9bc</load_address>
         <run_address>0x9bc</run_address>
         <size>0x4c</size>
         <input_file_ref idref="fl-13b"/>
      </object_component>
      <object_component id="oc-ac">
         <name>.text:GPIOPinConfigure</name>
         <load_address>0xa08</load_address>
         <run_address>0xa08</run_address>
         <size>0x48</size>
         <input_file_ref idref="fl-9"/>
      </object_component>
      <object_component id="oc-70">
         <name>.text</name>
         <load_address>0xa50</load_address>
         <run_address>0xa50</run_address>
         <size>0x44</size>
         <input_file_ref idref="fl-133"/>
      </object_component>
      <object_component id="oc-be">
         <name>.text:UARTConfigSetExpClk</name>
         <load_address>0xa94</load_address>
         <run_address>0xa94</run_address>
         <size>0x42</size>
         <input_file_ref idref="fl-c"/>
      </object_component>
      <object_component id="oc-a6">
         <name>.text:SysCtlPeripheralEnable</name>
         <load_address>0xad8</load_address>
         <run_address>0xad8</run_address>
         <size>0x34</size>
         <input_file_ref idref="fl-b"/>
      </object_component>
      <object_component id="oc-12c">
         <name>.text:GPIODirModeSet</name>
         <load_address>0xb0c</load_address>
         <run_address>0xb0c</run_address>
         <size>0x2a</size>
         <input_file_ref idref="fl-9"/>
      </object_component>
      <object_component id="oc-13a">
         <name>.text:UARTDisable</name>
         <load_address>0xb38</load_address>
         <run_address>0xb38</run_address>
         <size>0x1c</size>
         <input_file_ref idref="fl-c"/>
      </object_component>
      <object_component id="oc-b8">
         <name>.text:GPIOPinTypeGPIOOutput</name>
         <load_address>0xb54</load_address>
         <run_address>0xb54</run_address>
         <size>0x18</size>
         <input_file_ref idref="fl-9"/>
      </object_component>
      <object_component id="oc-6a">
         <name>.text</name>
         <load_address>0xb6c</load_address>
         <run_address>0xb6c</run_address>
         <size>0x18</size>
         <input_file_ref idref="fl-139"/>
      </object_component>
      <object_component id="oc-140">
         <name>.text:UARTEnable</name>
         <load_address>0xb84</load_address>
         <run_address>0xb84</run_address>
         <size>0x14</size>
         <input_file_ref idref="fl-c"/>
      </object_component>
      <object_component id="oc-16c">
         <name>.text</name>
         <load_address>0xb98</load_address>
         <run_address>0xb98</run_address>
         <size>0x14</size>
         <input_file_ref idref="fl-138"/>
      </object_component>
      <object_component id="oc-b2">
         <name>.text:GPIOPinTypeUART</name>
         <load_address>0xbac</load_address>
         <run_address>0xbac</run_address>
         <size>0x12</size>
         <input_file_ref idref="fl-9"/>
      </object_component>
      <object_component id="oc-c4">
         <name>.text:IntMasterEnable</name>
         <load_address>0xbbe</load_address>
         <run_address>0xbbe</run_address>
         <size>0x10</size>
         <input_file_ref idref="fl-a"/>
      </object_component>
      <object_component id="oc-87">
         <name>.text:UARTCharGetNonBlocking</name>
         <load_address>0xbce</load_address>
         <run_address>0xbce</run_address>
         <size>0xe</size>
         <input_file_ref idref="fl-c"/>
      </object_component>
      <object_component id="oc-12">
         <name>.text:decompress:none</name>
         <load_address>0xbdc</load_address>
         <run_address>0xbdc</run_address>
         <size>0xe</size>
         <input_file_ref idref="fl-130"/>
      </object_component>
      <object_component id="oc-147">
         <name>.text:CPUcpsie</name>
         <load_address>0xbea</load_address>
         <run_address>0xbea</run_address>
         <size>0xc</size>
         <input_file_ref idref="fl-d"/>
      </object_component>
      <object_component id="oc-9a">
         <name>.text:UARTCharsAvail</name>
         <load_address>0xbf6</load_address>
         <run_address>0xbf6</run_address>
         <size>0xc</size>
         <input_file_ref idref="fl-c"/>
      </object_component>
      <object_component id="oc-1e">
         <name>.text:decompress:ZI</name>
         <load_address>0xc02</load_address>
         <run_address>0xc02</run_address>
         <size>0xc</size>
         <input_file_ref idref="fl-132"/>
      </object_component>
      <object_component id="oc-2a">
         <name>.text</name>
         <load_address>0xc0e</load_address>
         <run_address>0xc0e</run_address>
         <size>0xc</size>
         <input_file_ref idref="fl-3"/>
      </object_component>
      <object_component id="oc-8d">
         <name>.text:UARTCharPut</name>
         <load_address>0xc1a</load_address>
         <run_address>0xc1a</run_address>
         <size>0xa</size>
         <input_file_ref idref="fl-c"/>
      </object_component>
      <object_component id="oc-7b">
         <name>.text:UARTIntStatus</name>
         <load_address>0xc24</load_address>
         <run_address>0xc24</run_address>
         <size>0xa</size>
         <input_file_ref idref="fl-c"/>
      </object_component>
      <object_component id="oc-d0">
         <name>.text:UARTIntEnable</name>
         <load_address>0xc2e</load_address>
         <run_address>0xc2e</run_address>
         <size>0x8</size>
         <input_file_ref idref="fl-c"/>
      </object_component>
      <object_component id="oc-d6">
         <name>.text:GPIOPinWrite</name>
         <load_address>0xc36</load_address>
         <run_address>0xc36</run_address>
         <size>0x6</size>
         <input_file_ref idref="fl-9"/>
      </object_component>
      <object_component id="oc-99">
         <name>.text:SysCtlDelay</name>
         <load_address>0xc3c</load_address>
         <run_address>0xc3c</run_address>
         <size>0x6</size>
         <input_file_ref idref="fl-b"/>
      </object_component>
      <object_component id="oc-18">
         <name>.text:decompress:rle24</name>
         <load_address>0xc42</load_address>
         <run_address>0xc42</run_address>
         <size>0x6</size>
         <input_file_ref idref="fl-131"/>
      </object_component>
      <object_component id="oc-81">
         <name>.text:UARTIntClear</name>
         <load_address>0xc48</load_address>
         <run_address>0xc48</run_address>
         <size>0x4</size>
         <input_file_ref idref="fl-c"/>
      </object_component>
      <object_component id="oc-5e">
         <name>.text</name>
         <load_address>0xc4c</load_address>
         <run_address>0xc4c</run_address>
         <size>0x4</size>
         <input_file_ref idref="fl-136"/>
      </object_component>
      <object_component id="oc-127">
         <name>.const:g_pui32GPIOBaseAddrs</name>
         <load_address>0xc50</load_address>
         <run_address>0xc50</run_address>
         <size>0x90</size>
         <input_file_ref idref="fl-9"/>
      </object_component>
      <object_component id="oc-14e">
         <name>.const</name>
         <load_address>0xce0</load_address>
         <run_address>0xce0</run_address>
         <size>0x70</size>
         <input_file_ref idref="fl-a"/>
      </object_component>
      <object_component id="oc-11f">
         <name>.const:g_pui32Xtals</name>
         <load_address>0xd50</load_address>
         <run_address>0xd50</run_address>
         <size>0x6c</size>
         <input_file_ref idref="fl-b"/>
      </object_component>
      <object_component id="oc-1bf">
         <name>.cinit..data.load</name>
         <load_address>0xdc0</load_address>
         <run_address>0xdc0</run_address>
         <size>0xf</size>
      </object_component>
      <object_component id="oc-1bd">
         <name>__TI_handler_table</name>
         <load_address>0xdd0</load_address>
         <run_address>0xdd0</run_address>
         <size>0xc</size>
      </object_component>
      <object_component id="oc-1c0">
         <name>.cinit..bss.load</name>
         <load_address>0xde0</load_address>
         <run_address>0xde0</run_address>
         <size>0x8</size>
      </object_component>
      <object_component id="oc-1be">
         <name>__TI_cinit_table</name>
         <load_address>0xde8</load_address>
         <run_address>0xde8</run_address>
         <size>0x10</size>
      </object_component>
      <object_component id="oc-29">
         <name>.stack</name>
         <uninitialized>true</uninitialized>
         <run_address>0x20000000</run_address>
         <size>0x0</size>
         <input_file_ref idref="fl-12f"/>
      </object_component>
      <object_component id="oc-1c1">
         <name>.stack</name>
         <uninitialized>true</uninitialized>
         <run_address>0x20000000</run_address>
         <size>0x0</size>
      </object_component>
      <object_component id="oc-dc">
         <name>.common:car</name>
         <uninitialized>true</uninitialized>
         <run_address>0x20000214</run_address>
         <size>0x1</size>
      </object_component>
      <object_component id="oc-112">
         <name>.data</name>
         <load_address>0x20000208</load_address>
         <run_address>0x20000208</run_address>
         <size>0x8</size>
         <input_file_ref idref="fl-133"/>
      </object_component>
      <object_component id="oc-76">
         <name>.data</name>
         <load_address>0x20000210</load_address>
         <run_address>0x20000210</run_address>
         <size>0x4</size>
         <input_file_ref idref="fl-137"/>
      </object_component>
      <object_component id="oc-10f">
         <name>.data</name>
         <load_address>0x20000200</load_address>
         <run_address>0x20000200</run_address>
         <size>0x8</size>
         <input_file_ref idref="fl-138"/>
      </object_component>
      <object_component id="oc-dd">
         <name>.debug_info</name>
         <load_address>0x0</load_address>
         <run_address>0x0</run_address>
         <size>0x43f</size>
         <input_file_ref idref="fl-2"/>
      </object_component>
      <object_component id="oc-31">
         <name>.debug_info</name>
         <load_address>0x43f</load_address>
         <run_address>0x43f</run_address>
         <size>0x46e</size>
         <input_file_ref idref="fl-2"/>
      </object_component>
      <object_component id="oc-e5">
         <name>.debug_info</name>
         <load_address>0x8ad</load_address>
         <run_address>0x8ad</run_address>
         <size>0x8b</size>
         <input_file_ref idref="fl-2"/>
      </object_component>
      <object_component id="oc-e0">
         <name>.debug_info</name>
         <load_address>0x938</load_address>
         <run_address>0x938</run_address>
         <size>0x18b</size>
         <input_file_ref idref="fl-2"/>
      </object_component>
      <object_component id="oc-38">
         <name>.debug_info</name>
         <load_address>0xac3</load_address>
         <run_address>0xac3</run_address>
         <size>0x12c</size>
         <input_file_ref idref="fl-3"/>
      </object_component>
      <object_component id="oc-10">
         <name>.debug_info</name>
         <load_address>0xbef</load_address>
         <run_address>0xbef</run_address>
         <size>0xed</size>
         <input_file_ref idref="fl-3"/>
      </object_component>
      <object_component id="oc-2c">
         <name>.debug_info</name>
         <load_address>0xcdc</load_address>
         <run_address>0xcdc</run_address>
         <size>0x269</size>
         <input_file_ref idref="fl-3"/>
      </object_component>
      <object_component id="oc-ec">
         <name>.debug_info</name>
         <load_address>0xf45</load_address>
         <run_address>0xf45</run_address>
         <size>0x84</size>
         <input_file_ref idref="fl-3"/>
      </object_component>
      <object_component id="oc-12b">
         <name>.debug_info</name>
         <load_address>0xfc9</load_address>
         <run_address>0xfc9</run_address>
         <size>0x230</size>
         <input_file_ref idref="fl-9"/>
      </object_component>
      <object_component id="oc-128">
         <name>.debug_info</name>
         <load_address>0x11f9</load_address>
         <run_address>0x11f9</run_address>
         <size>0x15b</size>
         <input_file_ref idref="fl-9"/>
      </object_component>
      <object_component id="oc-d7">
         <name>.debug_info</name>
         <load_address>0x1354</load_address>
         <run_address>0x1354</run_address>
         <size>0x2a3</size>
         <input_file_ref idref="fl-9"/>
      </object_component>
      <object_component id="oc-12d">
         <name>.debug_info</name>
         <load_address>0x15f7</load_address>
         <run_address>0x15f7</run_address>
         <size>0x2b3</size>
         <input_file_ref idref="fl-9"/>
      </object_component>
      <object_component id="oc-133">
         <name>.debug_info</name>
         <load_address>0x18aa</load_address>
         <run_address>0x18aa</run_address>
         <size>0x316</size>
         <input_file_ref idref="fl-9"/>
      </object_component>
      <object_component id="oc-b3">
         <name>.debug_info</name>
         <load_address>0x1bc0</load_address>
         <run_address>0x1bc0</run_address>
         <size>0x2ab</size>
         <input_file_ref idref="fl-9"/>
      </object_component>
      <object_component id="oc-b9">
         <name>.debug_info</name>
         <load_address>0x1e6b</load_address>
         <run_address>0x1e6b</run_address>
         <size>0x2b7</size>
         <input_file_ref idref="fl-9"/>
      </object_component>
      <object_component id="oc-ad">
         <name>.debug_info</name>
         <load_address>0x2122</load_address>
         <run_address>0x2122</run_address>
         <size>0x280</size>
         <input_file_ref idref="fl-9"/>
      </object_component>
      <object_component id="oc-152">
         <name>.debug_info</name>
         <load_address>0x23a2</load_address>
         <run_address>0x23a2</run_address>
         <size>0x20e</size>
         <input_file_ref idref="fl-a"/>
      </object_component>
      <object_component id="oc-14f">
         <name>.debug_info</name>
         <load_address>0x25b0</load_address>
         <run_address>0x25b0</run_address>
         <size>0x210</size>
         <input_file_ref idref="fl-a"/>
      </object_component>
      <object_component id="oc-c5">
         <name>.debug_info</name>
         <load_address>0x27c0</load_address>
         <run_address>0x27c0</run_address>
         <size>0x23e</size>
         <input_file_ref idref="fl-a"/>
      </object_component>
      <object_component id="oc-cb">
         <name>.debug_info</name>
         <load_address>0x29fe</load_address>
         <run_address>0x29fe</run_address>
         <size>0x268</size>
         <input_file_ref idref="fl-a"/>
      </object_component>
      <object_component id="oc-125">
         <name>.debug_info</name>
         <load_address>0x2c66</load_address>
         <run_address>0x2c66</run_address>
         <size>0x27f</size>
         <input_file_ref idref="fl-b"/>
      </object_component>
      <object_component id="oc-120">
         <name>.debug_info</name>
         <load_address>0x2ee5</load_address>
         <run_address>0x2ee5</run_address>
         <size>0x14d</size>
         <input_file_ref idref="fl-b"/>
      </object_component>
      <object_component id="oc-a7">
         <name>.debug_info</name>
         <load_address>0x3032</load_address>
         <run_address>0x3032</run_address>
         <size>0x27d</size>
         <input_file_ref idref="fl-b"/>
      </object_component>
      <object_component id="oc-a2">
         <name>.debug_info</name>
         <load_address>0x32af</load_address>
         <run_address>0x32af</run_address>
         <size>0x2db</size>
         <input_file_ref idref="fl-b"/>
      </object_component>
      <object_component id="oc-95">
         <name>.debug_info</name>
         <load_address>0x358a</load_address>
         <run_address>0x358a</run_address>
         <size>0x2b5</size>
         <input_file_ref idref="fl-b"/>
      </object_component>
      <object_component id="oc-180">
         <name>.debug_info</name>
         <load_address>0x383f</load_address>
         <run_address>0x383f</run_address>
         <size>0x5f</size>
         <input_file_ref idref="fl-b"/>
      </object_component>
      <object_component id="oc-11b">
         <name>.debug_info</name>
         <load_address>0x389e</load_address>
         <run_address>0x389e</run_address>
         <size>0x227</size>
         <input_file_ref idref="fl-c"/>
      </object_component>
      <object_component id="oc-7c">
         <name>.debug_info</name>
         <load_address>0x3ac5</load_address>
         <run_address>0x3ac5</run_address>
         <size>0x27f</size>
         <input_file_ref idref="fl-c"/>
      </object_component>
      <object_component id="oc-d1">
         <name>.debug_info</name>
         <load_address>0x3d44</load_address>
         <run_address>0x3d44</run_address>
         <size>0x28f</size>
         <input_file_ref idref="fl-c"/>
      </object_component>
      <object_component id="oc-82">
         <name>.debug_info</name>
         <load_address>0x3fd3</load_address>
         <run_address>0x3fd3</run_address>
         <size>0x28d</size>
         <input_file_ref idref="fl-c"/>
      </object_component>
      <object_component id="oc-141">
         <name>.debug_info</name>
         <load_address>0x4260</load_address>
         <run_address>0x4260</run_address>
         <size>0x247</size>
         <input_file_ref idref="fl-c"/>
      </object_component>
      <object_component id="oc-13c">
         <name>.debug_info</name>
         <load_address>0x44a7</load_address>
         <run_address>0x44a7</run_address>
         <size>0x249</size>
         <input_file_ref idref="fl-c"/>
      </object_component>
      <object_component id="oc-c0">
         <name>.debug_info</name>
         <load_address>0x46f0</load_address>
         <run_address>0x46f0</run_address>
         <size>0x326</size>
         <input_file_ref idref="fl-c"/>
      </object_component>
      <object_component id="oc-9c">
         <name>.debug_info</name>
         <load_address>0x4a16</load_address>
         <run_address>0x4a16</run_address>
         <size>0x253</size>
         <input_file_ref idref="fl-c"/>
      </object_component>
      <object_component id="oc-8f">
         <name>.debug_info</name>
         <load_address>0x4c69</load_address>
         <run_address>0x4c69</run_address>
         <size>0x273</size>
         <input_file_ref idref="fl-c"/>
      </object_component>
      <object_component id="oc-89">
         <name>.debug_info</name>
         <load_address>0x4edc</load_address>
         <run_address>0x4edc</run_address>
         <size>0x263</size>
         <input_file_ref idref="fl-c"/>
      </object_component>
      <object_component id="oc-148">
         <name>.debug_info</name>
         <load_address>0x513f</load_address>
         <run_address>0x513f</run_address>
         <size>0x212</size>
         <input_file_ref idref="fl-d"/>
      </object_component>
      <object_component id="oc-25">
         <name>.debug_info</name>
         <load_address>0x5351</load_address>
         <run_address>0x5351</run_address>
         <size>0x134</size>
         <input_file_ref idref="fl-12f"/>
      </object_component>
      <object_component id="oc-44">
         <name>.debug_info</name>
         <load_address>0x5485</load_address>
         <run_address>0x5485</run_address>
         <size>0x121</size>
         <input_file_ref idref="fl-130"/>
      </object_component>
      <object_component id="oc-14">
         <name>.debug_info</name>
         <load_address>0x55a6</load_address>
         <run_address>0x55a6</run_address>
         <size>0x1c0</size>
         <input_file_ref idref="fl-130"/>
      </object_component>
      <object_component id="oc-3f">
         <name>.debug_info</name>
         <load_address>0x5766</load_address>
         <run_address>0x5766</run_address>
         <size>0x46</size>
         <input_file_ref idref="fl-130"/>
      </object_component>
      <object_component id="oc-f2">
         <name>.debug_info</name>
         <load_address>0x57ac</load_address>
         <run_address>0x57ac</run_address>
         <size>0x2c</size>
         <input_file_ref idref="fl-130"/>
      </object_component>
      <object_component id="oc-4c">
         <name>.debug_info</name>
         <load_address>0x57d8</load_address>
         <run_address>0x57d8</run_address>
         <size>0x115</size>
         <input_file_ref idref="fl-131"/>
      </object_component>
      <object_component id="oc-46">
         <name>.debug_info</name>
         <load_address>0x58ed</load_address>
         <run_address>0x58ed</run_address>
         <size>0x228</size>
         <input_file_ref idref="fl-131"/>
      </object_component>
      <object_component id="oc-1b">
         <name>.debug_info</name>
         <load_address>0x5b15</load_address>
         <run_address>0x5b15</run_address>
         <size>0x192</size>
         <input_file_ref idref="fl-131"/>
      </object_component>
      <object_component id="oc-4d">
         <name>.debug_info</name>
         <load_address>0x5ca7</load_address>
         <run_address>0x5ca7</run_address>
         <size>0x39</size>
         <input_file_ref idref="fl-131"/>
      </object_component>
      <object_component id="oc-fc">
         <name>.debug_info</name>
         <load_address>0x5ce0</load_address>
         <run_address>0x5ce0</run_address>
         <size>0x2c</size>
         <input_file_ref idref="fl-131"/>
      </object_component>
      <object_component id="oc-5d">
         <name>.debug_info</name>
         <load_address>0x5d0c</load_address>
         <run_address>0x5d0c</run_address>
         <size>0x110</size>
         <input_file_ref idref="fl-132"/>
      </object_component>
      <object_component id="oc-22">
         <name>.debug_info</name>
         <load_address>0x5e1c</load_address>
         <run_address>0x5e1c</run_address>
         <size>0x18b</size>
         <input_file_ref idref="fl-132"/>
      </object_component>
      <object_component id="oc-58">
         <name>.debug_info</name>
         <load_address>0x5fa7</load_address>
         <run_address>0x5fa7</run_address>
         <size>0x46</size>
         <input_file_ref idref="fl-132"/>
      </object_component>
      <object_component id="oc-116">
         <name>.debug_info</name>
         <load_address>0x5fed</load_address>
         <run_address>0x5fed</run_address>
         <size>0x172</size>
         <input_file_ref idref="fl-133"/>
      </object_component>
      <object_component id="oc-113">
         <name>.debug_info</name>
         <load_address>0x615f</load_address>
         <run_address>0x615f</run_address>
         <size>0x117</size>
         <input_file_ref idref="fl-133"/>
      </object_component>
      <object_component id="oc-71">
         <name>.debug_info</name>
         <load_address>0x6276</load_address>
         <run_address>0x6276</run_address>
         <size>0x1ee</size>
         <input_file_ref idref="fl-133"/>
      </object_component>
      <object_component id="oc-3a">
         <name>.debug_info</name>
         <load_address>0x6464</load_address>
         <run_address>0x6464</run_address>
         <size>0xf6</size>
         <input_file_ref idref="fl-134"/>
      </object_component>
      <object_component id="oc-55">
         <name>.debug_info</name>
         <load_address>0x655a</load_address>
         <run_address>0x655a</run_address>
         <size>0x124</size>
         <input_file_ref idref="fl-135"/>
      </object_component>
      <object_component id="oc-5f">
         <name>.debug_info</name>
         <load_address>0x667e</load_address>
         <run_address>0x667e</run_address>
         <size>0x129</size>
         <input_file_ref idref="fl-136"/>
      </object_component>
      <object_component id="oc-77">
         <name>.debug_info</name>
         <load_address>0x67a7</load_address>
         <run_address>0x67a7</run_address>
         <size>0xea</size>
         <input_file_ref idref="fl-137"/>
      </object_component>
      <object_component id="oc-174">
         <name>.debug_info</name>
         <load_address>0x6891</load_address>
         <run_address>0x6891</run_address>
         <size>0x105</size>
         <input_file_ref idref="fl-138"/>
      </object_component>
      <object_component id="oc-110">
         <name>.debug_info</name>
         <load_address>0x6996</load_address>
         <run_address>0x6996</run_address>
         <size>0xf4</size>
         <input_file_ref idref="fl-138"/>
      </object_component>
      <object_component id="oc-16d">
         <name>.debug_info</name>
         <load_address>0x6a8a</load_address>
         <run_address>0x6a8a</run_address>
         <size>0x200</size>
         <input_file_ref idref="fl-138"/>
      </object_component>
      <object_component id="oc-10e">
         <name>.debug_info</name>
         <load_address>0x6c8a</load_address>
         <run_address>0x6c8a</run_address>
         <size>0x147</size>
         <input_file_ref idref="fl-139"/>
      </object_component>
      <object_component id="oc-6b">
         <name>.debug_info</name>
         <load_address>0x6dd1</load_address>
         <run_address>0x6dd1</run_address>
         <size>0x148</size>
         <input_file_ref idref="fl-139"/>
      </object_component>
      <object_component id="oc-167">
         <name>.debug_info</name>
         <load_address>0x6f19</load_address>
         <run_address>0x6f19</run_address>
         <size>0x5e</size>
         <input_file_ref idref="fl-139"/>
      </object_component>
      <object_component id="oc-10c">
         <name>.debug_info</name>
         <load_address>0x6f77</load_address>
         <run_address>0x6f77</run_address>
         <size>0x29e</size>
         <input_file_ref idref="fl-13a"/>
      </object_component>
      <object_component id="oc-65">
         <name>.debug_info</name>
         <load_address>0x7215</load_address>
         <run_address>0x7215</run_address>
         <size>0x158</size>
         <input_file_ref idref="fl-13a"/>
      </object_component>
      <object_component id="oc-15b">
         <name>.debug_info</name>
         <load_address>0x736d</load_address>
         <run_address>0x736d</run_address>
         <size>0x39</size>
         <input_file_ref idref="fl-13a"/>
      </object_component>
      <object_component id="oc-160">
         <name>.debug_info</name>
         <load_address>0x73a6</load_address>
         <run_address>0x73a6</run_address>
         <size>0xcd</size>
         <input_file_ref idref="fl-13a"/>
      </object_component>
      <object_component id="oc-158">
         <name>.debug_info</name>
         <load_address>0x7473</load_address>
         <run_address>0x7473</run_address>
         <size>0x1c1</size>
         <input_file_ref idref="fl-13b"/>
      </object_component>
      <object_component id="oc-109">
         <name>.debug_info</name>
         <load_address>0x7634</load_address>
         <run_address>0x7634</run_address>
         <size>0x164</size>
         <input_file_ref idref="fl-13b"/>
      </object_component>
      <object_component id="oc-194">
         <name>.debug_info</name>
         <load_address>0x7798</load_address>
         <run_address>0x7798</run_address>
         <size>0x2c</size>
         <input_file_ref idref="fl-13b"/>
      </object_component>
      <object_component id="oc-1c2">
         <name>.debug_info</name>
         <load_address>0x77c4</load_address>
         <run_address>0x77c4</run_address>
         <size>0xa7</size>
      </object_component>
      <object_component id="oc-156">
         <name>.debug_line</name>
         <load_address>0x0</load_address>
         <run_address>0x0</run_address>
         <size>0x108</size>
         <input_file_ref idref="fl-2"/>
      </object_component>
      <object_component id="oc-34">
         <name>.debug_line</name>
         <load_address>0x108</load_address>
         <run_address>0x108</run_address>
         <size>0x98</size>
         <input_file_ref idref="fl-2"/>
      </object_component>
      <object_component id="oc-e8">
         <name>.debug_line</name>
         <load_address>0x1a0</load_address>
         <run_address>0x1a0</run_address>
         <size>0x20</size>
         <input_file_ref idref="fl-2"/>
      </object_component>
      <object_component id="oc-e3">
         <name>.debug_line</name>
         <load_address>0x1c0</load_address>
         <run_address>0x1c0</run_address>
         <size>0x60</size>
         <input_file_ref idref="fl-2"/>
      </object_component>
      <object_component id="oc-eb">
         <name>.debug_line</name>
         <load_address>0x220</load_address>
         <run_address>0x220</run_address>
         <size>0x41</size>
         <input_file_ref idref="fl-3"/>
      </object_component>
      <object_component id="oc-37">
         <name>.debug_line</name>
         <load_address>0x261</load_address>
         <run_address>0x261</run_address>
         <size>0x41</size>
         <input_file_ref idref="fl-3"/>
      </object_component>
      <object_component id="oc-2f">
         <name>.debug_line</name>
         <load_address>0x2a2</load_address>
         <run_address>0x2a2</run_address>
         <size>0xa1</size>
         <input_file_ref idref="fl-3"/>
      </object_component>
      <object_component id="oc-ef">
         <name>.debug_line</name>
         <load_address>0x343</load_address>
         <run_address>0x343</run_address>
         <size>0x20</size>
         <input_file_ref idref="fl-3"/>
      </object_component>
      <object_component id="oc-188">
         <name>.debug_line</name>
         <load_address>0x363</load_address>
         <run_address>0x363</run_address>
         <size>0x82</size>
         <input_file_ref idref="fl-9"/>
      </object_component>
      <object_component id="oc-186">
         <name>.debug_line</name>
         <load_address>0x3e5</load_address>
         <run_address>0x3e5</run_address>
         <size>0x7d</size>
         <input_file_ref idref="fl-9"/>
      </object_component>
      <object_component id="oc-da">
         <name>.debug_line</name>
         <load_address>0x462</load_address>
         <run_address>0x462</run_address>
         <size>0x92</size>
         <input_file_ref idref="fl-9"/>
      </object_component>
      <object_component id="oc-130">
         <name>.debug_line</name>
         <load_address>0x4f4</load_address>
         <run_address>0x4f4</run_address>
         <size>0x95</size>
         <input_file_ref idref="fl-9"/>
      </object_component>
      <object_component id="oc-136">
         <name>.debug_line</name>
         <load_address>0x589</load_address>
         <run_address>0x589</run_address>
         <size>0xd1</size>
         <input_file_ref idref="fl-9"/>
      </object_component>
      <object_component id="oc-b6">
         <name>.debug_line</name>
         <load_address>0x65a</load_address>
         <run_address>0x65a</run_address>
         <size>0x93</size>
         <input_file_ref idref="fl-9"/>
      </object_component>
      <object_component id="oc-bc">
         <name>.debug_line</name>
         <load_address>0x6ed</load_address>
         <run_address>0x6ed</run_address>
         <size>0x99</size>
         <input_file_ref idref="fl-9"/>
      </object_component>
      <object_component id="oc-b0">
         <name>.debug_line</name>
         <load_address>0x786</load_address>
         <run_address>0x786</run_address>
         <size>0xa7</size>
         <input_file_ref idref="fl-9"/>
      </object_component>
      <object_component id="oc-191">
         <name>.debug_line</name>
         <load_address>0x82d</load_address>
         <run_address>0x82d</run_address>
         <size>0x7c</size>
         <input_file_ref idref="fl-a"/>
      </object_component>
      <object_component id="oc-18f">
         <name>.debug_line</name>
         <load_address>0x8a9</load_address>
         <run_address>0x8a9</run_address>
         <size>0x82</size>
         <input_file_ref idref="fl-a"/>
      </object_component>
      <object_component id="oc-c8">
         <name>.debug_line</name>
         <load_address>0x92b</load_address>
         <run_address>0x92b</run_address>
         <size>0x97</size>
         <input_file_ref idref="fl-a"/>
      </object_component>
      <object_component id="oc-ce">
         <name>.debug_line</name>
         <load_address>0x9c2</load_address>
         <run_address>0x9c2</run_address>
         <size>0xc2</size>
         <input_file_ref idref="fl-a"/>
      </object_component>
      <object_component id="oc-17f">
         <name>.debug_line</name>
         <load_address>0xa84</load_address>
         <run_address>0xa84</run_address>
         <size>0x13d</size>
         <input_file_ref idref="fl-b"/>
      </object_component>
      <object_component id="oc-17d">
         <name>.debug_line</name>
         <load_address>0xbc1</load_address>
         <run_address>0xbc1</run_address>
         <size>0x7f</size>
         <input_file_ref idref="fl-b"/>
      </object_component>
      <object_component id="oc-ab">
         <name>.debug_line</name>
         <load_address>0xc40</load_address>
         <run_address>0xc40</run_address>
         <size>0x94</size>
         <input_file_ref idref="fl-b"/>
      </object_component>
      <object_component id="oc-a5">
         <name>.debug_line</name>
         <load_address>0xcd4</load_address>
         <run_address>0xcd4</run_address>
         <size>0xe8</size>
         <input_file_ref idref="fl-b"/>
      </object_component>
      <object_component id="oc-98">
         <name>.debug_line</name>
         <load_address>0xdbc</load_address>
         <run_address>0xdbc</run_address>
         <size>0x116</size>
         <input_file_ref idref="fl-b"/>
      </object_component>
      <object_component id="oc-183">
         <name>.debug_line</name>
         <load_address>0xed2</load_address>
         <run_address>0xed2</run_address>
         <size>0x7f</size>
         <input_file_ref idref="fl-b"/>
      </object_component>
      <object_component id="oc-17b">
         <name>.debug_line</name>
         <load_address>0xf51</load_address>
         <run_address>0xf51</run_address>
         <size>0x82</size>
         <input_file_ref idref="fl-c"/>
      </object_component>
      <object_component id="oc-7f">
         <name>.debug_line</name>
         <load_address>0xfd3</load_address>
         <run_address>0xfd3</run_address>
         <size>0x92</size>
         <input_file_ref idref="fl-c"/>
      </object_component>
      <object_component id="oc-d4">
         <name>.debug_line</name>
         <load_address>0x1065</load_address>
         <run_address>0x1065</run_address>
         <size>0x92</size>
         <input_file_ref idref="fl-c"/>
      </object_component>
      <object_component id="oc-85">
         <name>.debug_line</name>
         <load_address>0x10f7</load_address>
         <run_address>0x10f7</run_address>
         <size>0x92</size>
         <input_file_ref idref="fl-c"/>
      </object_component>
      <object_component id="oc-144">
         <name>.debug_line</name>
         <load_address>0x1189</load_address>
         <run_address>0x1189</run_address>
         <size>0x93</size>
         <input_file_ref idref="fl-c"/>
      </object_component>
      <object_component id="oc-13b">
         <name>.debug_line</name>
         <load_address>0x121c</load_address>
         <run_address>0x121c</run_address>
         <size>0x96</size>
         <input_file_ref idref="fl-c"/>
      </object_component>
      <object_component id="oc-bf">
         <name>.debug_line</name>
         <load_address>0x12b2</load_address>
         <run_address>0x12b2</run_address>
         <size>0xb3</size>
         <input_file_ref idref="fl-c"/>
      </object_component>
      <object_component id="oc-9b">
         <name>.debug_line</name>
         <load_address>0x1365</load_address>
         <run_address>0x1365</run_address>
         <size>0x92</size>
         <input_file_ref idref="fl-c"/>
      </object_component>
      <object_component id="oc-8e">
         <name>.debug_line</name>
         <load_address>0x13f7</load_address>
         <run_address>0x13f7</run_address>
         <size>0x93</size>
         <input_file_ref idref="fl-c"/>
      </object_component>
      <object_component id="oc-88">
         <name>.debug_line</name>
         <load_address>0x148a</load_address>
         <run_address>0x148a</run_address>
         <size>0x92</size>
         <input_file_ref idref="fl-c"/>
      </object_component>
      <object_component id="oc-14b">
         <name>.debug_line</name>
         <load_address>0x151c</load_address>
         <run_address>0x151c</run_address>
         <size>0x91</size>
         <input_file_ref idref="fl-d"/>
      </object_component>
      <object_component id="oc-28">
         <name>.debug_line</name>
         <load_address>0x15ad</load_address>
         <run_address>0x15ad</run_address>
         <size>0x52</size>
         <input_file_ref idref="fl-12f"/>
      </object_component>
      <object_component id="oc-f8">
         <name>.debug_line</name>
         <load_address>0x15ff</load_address>
         <run_address>0x15ff</run_address>
         <size>0x80</size>
         <input_file_ref idref="fl-130"/>
      </object_component>
      <object_component id="oc-13">
         <name>.debug_line</name>
         <load_address>0x167f</load_address>
         <run_address>0x167f</run_address>
         <size>0x55</size>
         <input_file_ref idref="fl-130"/>
      </object_component>
      <object_component id="oc-42">
         <name>.debug_line</name>
         <load_address>0x16d4</load_address>
         <run_address>0x16d4</run_address>
         <size>0x3a</size>
         <input_file_ref idref="fl-130"/>
      </object_component>
      <object_component id="oc-f5">
         <name>.debug_line</name>
         <load_address>0x170e</load_address>
         <run_address>0x170e</run_address>
         <size>0x80</size>
         <input_file_ref idref="fl-130"/>
      </object_component>
      <object_component id="oc-fb">
         <name>.debug_line</name>
         <load_address>0x178e</load_address>
         <run_address>0x178e</run_address>
         <size>0x80</size>
         <input_file_ref idref="fl-131"/>
      </object_component>
      <object_component id="oc-49">
         <name>.debug_line</name>
         <load_address>0x180e</load_address>
         <run_address>0x180e</run_address>
         <size>0x98</size>
         <input_file_ref idref="fl-131"/>
      </object_component>
      <object_component id="oc-19">
         <name>.debug_line</name>
         <load_address>0x18a6</load_address>
         <run_address>0x18a6</run_address>
         <size>0x4b</size>
         <input_file_ref idref="fl-131"/>
      </object_component>
      <object_component id="oc-50">
         <name>.debug_line</name>
         <load_address>0x18f1</load_address>
         <run_address>0x18f1</run_address>
         <size>0x39</size>
         <input_file_ref idref="fl-131"/>
      </object_component>
      <object_component id="oc-ff">
         <name>.debug_line</name>
         <load_address>0x192a</load_address>
         <run_address>0x192a</run_address>
         <size>0x80</size>
         <input_file_ref idref="fl-131"/>
      </object_component>
      <object_component id="oc-103">
         <name>.debug_line</name>
         <load_address>0x19aa</load_address>
         <run_address>0x19aa</run_address>
         <size>0x80</size>
         <input_file_ref idref="fl-132"/>
      </object_component>
      <object_component id="oc-20">
         <name>.debug_line</name>
         <load_address>0x1a2a</load_address>
         <run_address>0x1a2a</run_address>
         <size>0x4f</size>
         <input_file_ref idref="fl-132"/>
      </object_component>
      <object_component id="oc-5b">
         <name>.debug_line</name>
         <load_address>0x1a79</load_address>
         <run_address>0x1a79</run_address>
         <size>0x34</size>
         <input_file_ref idref="fl-132"/>
      </object_component>
      <object_component id="oc-179">
         <name>.debug_line</name>
         <load_address>0x1aad</load_address>
         <run_address>0x1aad</run_address>
         <size>0x7f</size>
         <input_file_ref idref="fl-133"/>
      </object_component>
      <object_component id="oc-177">
         <name>.debug_line</name>
         <load_address>0x1b2c</load_address>
         <run_address>0x1b2c</run_address>
         <size>0x2a</size>
         <input_file_ref idref="fl-133"/>
      </object_component>
      <object_component id="oc-74">
         <name>.debug_line</name>
         <load_address>0x1b56</load_address>
         <run_address>0x1b56</run_address>
         <size>0x7a</size>
         <input_file_ref idref="fl-133"/>
      </object_component>
      <object_component id="oc-3d">
         <name>.debug_line</name>
         <load_address>0x1bd0</load_address>
         <run_address>0x1bd0</run_address>
         <size>0x88</size>
         <input_file_ref idref="fl-134"/>
      </object_component>
      <object_component id="oc-54">
         <name>.debug_line</name>
         <load_address>0x1c58</load_address>
         <run_address>0x1c58</run_address>
         <size>0x79</size>
         <input_file_ref idref="fl-135"/>
      </object_component>
      <object_component id="oc-63">
         <name>.debug_line</name>
         <load_address>0x1cd1</load_address>
         <run_address>0x1cd1</run_address>
         <size>0x40</size>
         <input_file_ref idref="fl-136"/>
      </object_component>
      <object_component id="oc-119">
         <name>.debug_line</name>
         <load_address>0x1d11</load_address>
         <run_address>0x1d11</run_address>
         <size>0x33</size>
         <input_file_ref idref="fl-137"/>
      </object_component>
      <object_component id="oc-19b">
         <name>.debug_line</name>
         <load_address>0x1d44</load_address>
         <run_address>0x1d44</run_address>
         <size>0x20</size>
         <input_file_ref idref="fl-138"/>
      </object_component>
      <object_component id="oc-173">
         <name>.debug_line</name>
         <load_address>0x1d64</load_address>
         <run_address>0x1d64</run_address>
         <size>0x2b</size>
         <input_file_ref idref="fl-138"/>
      </object_component>
      <object_component id="oc-170">
         <name>.debug_line</name>
         <load_address>0x1d8f</load_address>
         <run_address>0x1d8f</run_address>
         <size>0x68</size>
         <input_file_ref idref="fl-138"/>
      </object_component>
      <object_component id="oc-166">
         <name>.debug_line</name>
         <load_address>0x1df7</load_address>
         <run_address>0x1df7</run_address>
         <size>0x2b</size>
         <input_file_ref idref="fl-139"/>
      </object_component>
      <object_component id="oc-6f">
         <name>.debug_line</name>
         <load_address>0x1e22</load_address>
         <run_address>0x1e22</run_address>
         <size>0x50</size>
         <input_file_ref idref="fl-139"/>
      </object_component>
      <object_component id="oc-16a">
         <name>.debug_line</name>
         <load_address>0x1e72</load_address>
         <run_address>0x1e72</run_address>
         <size>0x2b</size>
         <input_file_ref idref="fl-139"/>
      </object_component>
      <object_component id="oc-15a">
         <name>.debug_line</name>
         <load_address>0x1e9d</load_address>
         <run_address>0x1e9d</run_address>
         <size>0x8f</size>
         <input_file_ref idref="fl-13a"/>
      </object_component>
      <object_component id="oc-68">
         <name>.debug_line</name>
         <load_address>0x1f2c</load_address>
         <run_address>0x1f2c</run_address>
         <size>0x79</size>
         <input_file_ref idref="fl-13a"/>
      </object_component>
      <object_component id="oc-15e">
         <name>.debug_line</name>
         <load_address>0x1fa5</load_address>
         <run_address>0x1fa5</run_address>
         <size>0x2e</size>
         <input_file_ref idref="fl-13a"/>
      </object_component>
      <object_component id="oc-163">
         <name>.debug_line</name>
         <load_address>0x1fd3</load_address>
         <run_address>0x1fd3</run_address>
         <size>0x81</size>
         <input_file_ref idref="fl-13a"/>
      </object_component>
      <object_component id="oc-193">
         <name>.debug_line</name>
         <load_address>0x2054</load_address>
         <run_address>0x2054</run_address>
         <size>0x8e</size>
         <input_file_ref idref="fl-13b"/>
      </object_component>
      <object_component id="oc-108">
         <name>.debug_line</name>
         <load_address>0x20e2</load_address>
         <run_address>0x20e2</run_address>
         <size>0x68</size>
         <input_file_ref idref="fl-13b"/>
      </object_component>
      <object_component id="oc-197">
         <name>.debug_line</name>
         <load_address>0x214a</load_address>
         <run_address>0x214a</run_address>
         <size>0x2e</size>
         <input_file_ref idref="fl-13b"/>
      </object_component>
      <object_component id="oc-35">
         <name>.debug_frame</name>
         <load_address>0x0</load_address>
         <run_address>0x0</run_address>
         <size>0x9f</size>
         <input_file_ref idref="fl-2"/>
      </object_component>
      <object_component id="oc-2b">
         <name>.debug_frame</name>
         <load_address>0x9f</load_address>
         <run_address>0x9f</run_address>
         <size>0xb2</size>
         <input_file_ref idref="fl-3"/>
      </object_component>
      <object_component id="oc-db">
         <name>.debug_frame</name>
         <load_address>0x151</load_address>
         <run_address>0x151</run_address>
         <size>0x7f</size>
         <input_file_ref idref="fl-9"/>
      </object_component>
      <object_component id="oc-131">
         <name>.debug_frame</name>
         <load_address>0x1d0</load_address>
         <run_address>0x1d0</run_address>
         <size>0x7f</size>
         <input_file_ref idref="fl-9"/>
      </object_component>
      <object_component id="oc-137">
         <name>.debug_frame</name>
         <load_address>0x24f</load_address>
         <run_address>0x24f</run_address>
         <size>0x8f</size>
         <input_file_ref idref="fl-9"/>
      </object_component>
      <object_component id="oc-b7">
         <name>.debug_frame</name>
         <load_address>0x2de</load_address>
         <run_address>0x2de</run_address>
         <size>0x86</size>
         <input_file_ref idref="fl-9"/>
      </object_component>
      <object_component id="oc-bd">
         <name>.debug_frame</name>
         <load_address>0x364</load_address>
         <run_address>0x364</run_address>
         <size>0x8a</size>
         <input_file_ref idref="fl-9"/>
      </object_component>
      <object_component id="oc-b1">
         <name>.debug_frame</name>
         <load_address>0x3ee</load_address>
         <run_address>0x3ee</run_address>
         <size>0x86</size>
         <input_file_ref idref="fl-9"/>
      </object_component>
      <object_component id="oc-c9">
         <name>.debug_frame</name>
         <load_address>0x474</load_address>
         <run_address>0x474</run_address>
         <size>0x86</size>
         <input_file_ref idref="fl-a"/>
      </object_component>
      <object_component id="oc-cf">
         <name>.debug_frame</name>
         <load_address>0x4fa</load_address>
         <run_address>0x4fa</run_address>
         <size>0x7f</size>
         <input_file_ref idref="fl-a"/>
      </object_component>
      <object_component id="oc-aa">
         <name>.debug_frame</name>
         <load_address>0x579</load_address>
         <run_address>0x579</run_address>
         <size>0x7f</size>
         <input_file_ref idref="fl-b"/>
      </object_component>
      <object_component id="oc-a1">
         <name>.debug_frame</name>
         <load_address>0x5f8</load_address>
         <run_address>0x5f8</run_address>
         <size>0x91</size>
         <input_file_ref idref="fl-b"/>
      </object_component>
      <object_component id="oc-94">
         <name>.debug_frame</name>
         <load_address>0x689</load_address>
         <run_address>0x689</run_address>
         <size>0x8e</size>
         <input_file_ref idref="fl-b"/>
      </object_component>
      <object_component id="oc-80">
         <name>.debug_frame</name>
         <load_address>0x717</load_address>
         <run_address>0x717</run_address>
         <size>0x7f</size>
         <input_file_ref idref="fl-c"/>
      </object_component>
      <object_component id="oc-d5">
         <name>.debug_frame</name>
         <load_address>0x796</load_address>
         <run_address>0x796</run_address>
         <size>0x7f</size>
         <input_file_ref idref="fl-c"/>
      </object_component>
      <object_component id="oc-86">
         <name>.debug_frame</name>
         <load_address>0x815</load_address>
         <run_address>0x815</run_address>
         <size>0x7f</size>
         <input_file_ref idref="fl-c"/>
      </object_component>
      <object_component id="oc-145">
         <name>.debug_frame</name>
         <load_address>0x894</load_address>
         <run_address>0x894</run_address>
         <size>0x7f</size>
         <input_file_ref idref="fl-c"/>
      </object_component>
      <object_component id="oc-13f">
         <name>.debug_frame</name>
         <load_address>0x913</load_address>
         <run_address>0x913</run_address>
         <size>0x7f</size>
         <input_file_ref idref="fl-c"/>
      </object_component>
      <object_component id="oc-c3">
         <name>.debug_frame</name>
         <load_address>0x992</load_address>
         <run_address>0x992</run_address>
         <size>0x8a</size>
         <input_file_ref idref="fl-c"/>
      </object_component>
      <object_component id="oc-9f">
         <name>.debug_frame</name>
         <load_address>0xa1c</load_address>
         <run_address>0xa1c</run_address>
         <size>0x7f</size>
         <input_file_ref idref="fl-c"/>
      </object_component>
      <object_component id="oc-92">
         <name>.debug_frame</name>
         <load_address>0xa9b</load_address>
         <run_address>0xa9b</run_address>
         <size>0x7f</size>
         <input_file_ref idref="fl-c"/>
      </object_component>
      <object_component id="oc-8c">
         <name>.debug_frame</name>
         <load_address>0xb1a</load_address>
         <run_address>0xb1a</run_address>
         <size>0x7f</size>
         <input_file_ref idref="fl-c"/>
      </object_component>
      <object_component id="oc-14c">
         <name>.debug_frame</name>
         <load_address>0xb99</load_address>
         <run_address>0xb99</run_address>
         <size>0x7f</size>
         <input_file_ref idref="fl-d"/>
      </object_component>
      <object_component id="oc-17">
         <name>.debug_frame</name>
         <load_address>0xc18</load_address>
         <run_address>0xc18</run_address>
         <size>0x7f</size>
         <input_file_ref idref="fl-130"/>
      </object_component>
      <object_component id="oc-4a">
         <name>.debug_frame</name>
         <load_address>0xc97</load_address>
         <run_address>0xc97</run_address>
         <size>0x8e</size>
         <input_file_ref idref="fl-131"/>
      </object_component>
      <object_component id="oc-1a">
         <name>.debug_frame</name>
         <load_address>0xd25</load_address>
         <run_address>0xd25</run_address>
         <size>0x7f</size>
         <input_file_ref idref="fl-131"/>
      </object_component>
      <object_component id="oc-1f">
         <name>.debug_frame</name>
         <load_address>0xda4</load_address>
         <run_address>0xda4</run_address>
         <size>0x7f</size>
         <input_file_ref idref="fl-132"/>
      </object_component>
      <object_component id="oc-75">
         <name>.debug_frame</name>
         <load_address>0xe23</load_address>
         <run_address>0xe23</run_address>
         <size>0xb3</size>
         <input_file_ref idref="fl-133"/>
      </object_component>
      <object_component id="oc-62">
         <name>.debug_frame</name>
         <load_address>0xed6</load_address>
         <run_address>0xed6</run_address>
         <size>0x7f</size>
         <input_file_ref idref="fl-136"/>
      </object_component>
      <object_component id="oc-171">
         <name>.debug_frame</name>
         <load_address>0xf55</load_address>
         <run_address>0xf55</run_address>
         <size>0xa1</size>
         <input_file_ref idref="fl-138"/>
      </object_component>
      <object_component id="oc-6e">
         <name>.debug_frame</name>
         <load_address>0xff6</load_address>
         <run_address>0xff6</run_address>
         <size>0x7f</size>
         <input_file_ref idref="fl-139"/>
      </object_component>
      <object_component id="oc-69">
         <name>.debug_frame</name>
         <load_address>0x1075</load_address>
         <run_address>0x1075</run_address>
         <size>0x8a</size>
         <input_file_ref idref="fl-13a"/>
      </object_component>
      <object_component id="oc-107">
         <name>.debug_frame</name>
         <load_address>0x10ff</load_address>
         <run_address>0x10ff</run_address>
         <size>0x8e</size>
         <input_file_ref idref="fl-13b"/>
      </object_component>
      <object_component id="oc-155">
         <name>.debug_abbrev</name>
         <load_address>0x0</load_address>
         <run_address>0x0</run_address>
         <size>0xb0</size>
         <input_file_ref idref="fl-2"/>
      </object_component>
      <object_component id="oc-df">
         <name>.debug_abbrev</name>
         <load_address>0xb0</load_address>
         <run_address>0xb0</run_address>
         <size>0x9b</size>
         <input_file_ref idref="fl-2"/>
      </object_component>
      <object_component id="oc-e7">
         <name>.debug_abbrev</name>
         <load_address>0x14b</load_address>
         <run_address>0x14b</run_address>
         <size>0x1f</size>
         <input_file_ref idref="fl-2"/>
      </object_component>
      <object_component id="oc-e2">
         <name>.debug_abbrev</name>
         <load_address>0x16a</load_address>
         <run_address>0x16a</run_address>
         <size>0x35</size>
         <input_file_ref idref="fl-2"/>
      </object_component>
      <object_component id="oc-ea">
         <name>.debug_abbrev</name>
         <load_address>0x19f</load_address>
         <run_address>0x19f</run_address>
         <size>0x71</size>
         <input_file_ref idref="fl-3"/>
      </object_component>
      <object_component id="oc-36">
         <name>.debug_abbrev</name>
         <load_address>0x210</load_address>
         <run_address>0x210</run_address>
         <size>0x29</size>
         <input_file_ref idref="fl-3"/>
      </object_component>
      <object_component id="oc-7a">
         <name>.debug_abbrev</name>
         <load_address>0x239</load_address>
         <run_address>0x239</run_address>
         <size>0x79</size>
         <input_file_ref idref="fl-3"/>
      </object_component>
      <object_component id="oc-ee">
         <name>.debug_abbrev</name>
         <load_address>0x2b2</load_address>
         <run_address>0x2b2</run_address>
         <size>0x1f</size>
         <input_file_ref idref="fl-3"/>
      </object_component>
      <object_component id="oc-187">
         <name>.debug_abbrev</name>
         <load_address>0x2d1</load_address>
         <run_address>0x2d1</run_address>
         <size>0x72</size>
         <input_file_ref idref="fl-9"/>
      </object_component>
      <object_component id="oc-185">
         <name>.debug_abbrev</name>
         <load_address>0x343</load_address>
         <run_address>0x343</run_address>
         <size>0x27</size>
         <input_file_ref idref="fl-9"/>
      </object_component>
      <object_component id="oc-154">
         <name>.debug_abbrev</name>
         <load_address>0x36a</load_address>
         <run_address>0x36a</run_address>
         <size>0x6c</size>
         <input_file_ref idref="fl-9"/>
      </object_component>
      <object_component id="oc-189">
         <name>.debug_abbrev</name>
         <load_address>0x3d6</load_address>
         <run_address>0x3d6</run_address>
         <size>0x6c</size>
         <input_file_ref idref="fl-9"/>
      </object_component>
      <object_component id="oc-18a">
         <name>.debug_abbrev</name>
         <load_address>0x442</load_address>
         <run_address>0x442</run_address>
         <size>0x6c</size>
         <input_file_ref idref="fl-9"/>
      </object_component>
      <object_component id="oc-138">
         <name>.debug_abbrev</name>
         <load_address>0x4ae</load_address>
         <run_address>0x4ae</run_address>
         <size>0x7a</size>
         <input_file_ref idref="fl-9"/>
      </object_component>
      <object_component id="oc-139">
         <name>.debug_abbrev</name>
         <load_address>0x528</load_address>
         <run_address>0x528</run_address>
         <size>0x7a</size>
         <input_file_ref idref="fl-9"/>
      </object_component>
      <object_component id="oc-12a">
         <name>.debug_abbrev</name>
         <load_address>0x5a2</load_address>
         <run_address>0x5a2</run_address>
         <size>0x6c</size>
         <input_file_ref idref="fl-9"/>
      </object_component>
      <object_component id="oc-190">
         <name>.debug_abbrev</name>
         <load_address>0x60e</load_address>
         <run_address>0x60e</run_address>
         <size>0x8e</size>
         <input_file_ref idref="fl-a"/>
      </object_component>
      <object_component id="oc-18e">
         <name>.debug_abbrev</name>
         <load_address>0x69c</load_address>
         <run_address>0x69c</run_address>
         <size>0x27</size>
         <input_file_ref idref="fl-a"/>
      </object_component>
      <object_component id="oc-14d">
         <name>.debug_abbrev</name>
         <load_address>0x6c3</load_address>
         <run_address>0x6c3</run_address>
         <size>0x60</size>
         <input_file_ref idref="fl-a"/>
      </object_component>
      <object_component id="oc-151">
         <name>.debug_abbrev</name>
         <load_address>0x723</load_address>
         <run_address>0x723</run_address>
         <size>0x6c</size>
         <input_file_ref idref="fl-a"/>
      </object_component>
      <object_component id="oc-17e">
         <name>.debug_abbrev</name>
         <load_address>0x78f</load_address>
         <run_address>0x78f</run_address>
         <size>0xb0</size>
         <input_file_ref idref="fl-b"/>
      </object_component>
      <object_component id="oc-17c">
         <name>.debug_abbrev</name>
         <load_address>0x83f</load_address>
         <run_address>0x83f</run_address>
         <size>0x27</size>
         <input_file_ref idref="fl-b"/>
      </object_component>
      <object_component id="oc-126">
         <name>.debug_abbrev</name>
         <load_address>0x866</load_address>
         <run_address>0x866</run_address>
         <size>0x6c</size>
         <input_file_ref idref="fl-b"/>
      </object_component>
      <object_component id="oc-124">
         <name>.debug_abbrev</name>
         <load_address>0x8d2</load_address>
         <run_address>0x8d2</run_address>
         <size>0x7a</size>
         <input_file_ref idref="fl-b"/>
      </object_component>
      <object_component id="oc-122">
         <name>.debug_abbrev</name>
         <load_address>0x94c</load_address>
         <run_address>0x94c</run_address>
         <size>0x60</size>
         <input_file_ref idref="fl-b"/>
      </object_component>
      <object_component id="oc-182">
         <name>.debug_abbrev</name>
         <load_address>0x9ac</load_address>
         <run_address>0x9ac</run_address>
         <size>0x49</size>
         <input_file_ref idref="fl-b"/>
      </object_component>
      <object_component id="oc-17a">
         <name>.debug_abbrev</name>
         <load_address>0x9f5</load_address>
         <run_address>0x9f5</run_address>
         <size>0x72</size>
         <input_file_ref idref="fl-c"/>
      </object_component>
      <object_component id="oc-11a">
         <name>.debug_abbrev</name>
         <load_address>0xa67</load_address>
         <run_address>0xa67</run_address>
         <size>0x6e</size>
         <input_file_ref idref="fl-c"/>
      </object_component>
      <object_component id="oc-153">
         <name>.debug_abbrev</name>
         <load_address>0xad5</load_address>
         <run_address>0xad5</run_address>
         <size>0x6c</size>
         <input_file_ref idref="fl-c"/>
      </object_component>
      <object_component id="oc-11c">
         <name>.debug_abbrev</name>
         <load_address>0xb41</load_address>
         <run_address>0xb41</run_address>
         <size>0x6c</size>
         <input_file_ref idref="fl-c"/>
      </object_component>
      <object_component id="oc-18c">
         <name>.debug_abbrev</name>
         <load_address>0xbad</load_address>
         <run_address>0xbad</run_address>
         <size>0x6c</size>
         <input_file_ref idref="fl-c"/>
      </object_component>
      <object_component id="oc-18b">
         <name>.debug_abbrev</name>
         <load_address>0xc19</load_address>
         <run_address>0xc19</run_address>
         <size>0x6c</size>
         <input_file_ref idref="fl-c"/>
      </object_component>
      <object_component id="oc-146">
         <name>.debug_abbrev</name>
         <load_address>0xc85</load_address>
         <run_address>0xc85</run_address>
         <size>0x7a</size>
         <input_file_ref idref="fl-c"/>
      </object_component>
      <object_component id="oc-123">
         <name>.debug_abbrev</name>
         <load_address>0xcff</load_address>
         <run_address>0xcff</run_address>
         <size>0x6e</size>
         <input_file_ref idref="fl-c"/>
      </object_component>
      <object_component id="oc-11e">
         <name>.debug_abbrev</name>
         <load_address>0xd6d</load_address>
         <run_address>0xd6d</run_address>
         <size>0x6c</size>
         <input_file_ref idref="fl-c"/>
      </object_component>
      <object_component id="oc-11d">
         <name>.debug_abbrev</name>
         <load_address>0xdd9</load_address>
         <run_address>0xdd9</run_address>
         <size>0x6e</size>
         <input_file_ref idref="fl-c"/>
      </object_component>
      <object_component id="oc-18d">
         <name>.debug_abbrev</name>
         <load_address>0xe47</load_address>
         <run_address>0xe47</run_address>
         <size>0x52</size>
         <input_file_ref idref="fl-d"/>
      </object_component>
      <object_component id="oc-79">
         <name>.debug_abbrev</name>
         <load_address>0xe99</load_address>
         <run_address>0xe99</run_address>
         <size>0x3e</size>
         <input_file_ref idref="fl-12f"/>
      </object_component>
      <object_component id="oc-f7">
         <name>.debug_abbrev</name>
         <load_address>0xed7</load_address>
         <run_address>0xed7</run_address>
         <size>0x52</size>
         <input_file_ref idref="fl-130"/>
      </object_component>
      <object_component id="oc-3e">
         <name>.debug_abbrev</name>
         <load_address>0xf29</load_address>
         <run_address>0xf29</run_address>
         <size>0x74</size>
         <input_file_ref idref="fl-130"/>
      </object_component>
      <object_component id="oc-41">
         <name>.debug_abbrev</name>
         <load_address>0xf9d</load_address>
         <run_address>0xf9d</run_address>
         <size>0x24</size>
         <input_file_ref idref="fl-130"/>
      </object_component>
      <object_component id="oc-f4">
         <name>.debug_abbrev</name>
         <load_address>0xfc1</load_address>
         <run_address>0xfc1</run_address>
         <size>0x24</size>
         <input_file_ref idref="fl-130"/>
      </object_component>
      <object_component id="oc-fa">
         <name>.debug_abbrev</name>
         <load_address>0xfe5</load_address>
         <run_address>0xfe5</run_address>
         <size>0x52</size>
         <input_file_ref idref="fl-131"/>
      </object_component>
      <object_component id="oc-f9">
         <name>.debug_abbrev</name>
         <load_address>0x1037</load_address>
         <run_address>0x1037</run_address>
         <size>0x7b</size>
         <input_file_ref idref="fl-131"/>
      </object_component>
      <object_component id="oc-4b">
         <name>.debug_abbrev</name>
         <load_address>0x10b2</load_address>
         <run_address>0x10b2</run_address>
         <size>0x66</size>
         <input_file_ref idref="fl-131"/>
      </object_component>
      <object_component id="oc-4f">
         <name>.debug_abbrev</name>
         <load_address>0x1118</load_address>
         <run_address>0x1118</run_address>
         <size>0x24</size>
         <input_file_ref idref="fl-131"/>
      </object_component>
      <object_component id="oc-fe">
         <name>.debug_abbrev</name>
         <load_address>0x113c</load_address>
         <run_address>0x113c</run_address>
         <size>0x24</size>
         <input_file_ref idref="fl-131"/>
      </object_component>
      <object_component id="oc-102">
         <name>.debug_abbrev</name>
         <load_address>0x1160</load_address>
         <run_address>0x1160</run_address>
         <size>0x52</size>
         <input_file_ref idref="fl-132"/>
      </object_component>
      <object_component id="oc-57">
         <name>.debug_abbrev</name>
         <load_address>0x11b2</load_address>
         <run_address>0x11b2</run_address>
         <size>0x74</size>
         <input_file_ref idref="fl-132"/>
      </object_component>
      <object_component id="oc-5a">
         <name>.debug_abbrev</name>
         <load_address>0x1226</load_address>
         <run_address>0x1226</run_address>
         <size>0x24</size>
         <input_file_ref idref="fl-132"/>
      </object_component>
      <object_component id="oc-178">
         <name>.debug_abbrev</name>
         <load_address>0x124a</load_address>
         <run_address>0x124a</run_address>
         <size>0x6b</size>
         <input_file_ref idref="fl-133"/>
      </object_component>
      <object_component id="oc-176">
         <name>.debug_abbrev</name>
         <load_address>0x12b5</load_address>
         <run_address>0x12b5</run_address>
         <size>0x29</size>
         <input_file_ref idref="fl-133"/>
      </object_component>
      <object_component id="oc-115">
         <name>.debug_abbrev</name>
         <load_address>0x12de</load_address>
         <run_address>0x12de</run_address>
         <size>0xba</size>
         <input_file_ref idref="fl-133"/>
      </object_component>
      <object_component id="oc-f1">
         <name>.debug_abbrev</name>
         <load_address>0x1398</load_address>
         <run_address>0x1398</run_address>
         <size>0x3e</size>
         <input_file_ref idref="fl-134"/>
      </object_component>
      <object_component id="oc-101">
         <name>.debug_abbrev</name>
         <load_address>0x13d6</load_address>
         <run_address>0x13d6</run_address>
         <size>0x4f</size>
         <input_file_ref idref="fl-135"/>
      </object_component>
      <object_component id="oc-104">
         <name>.debug_abbrev</name>
         <load_address>0x1425</load_address>
         <run_address>0x1425</run_address>
         <size>0x55</size>
         <input_file_ref idref="fl-136"/>
      </object_component>
      <object_component id="oc-118">
         <name>.debug_abbrev</name>
         <load_address>0x147a</load_address>
         <run_address>0x147a</run_address>
         <size>0x27</size>
         <input_file_ref idref="fl-137"/>
      </object_component>
      <object_component id="oc-19a">
         <name>.debug_abbrev</name>
         <load_address>0x14a1</load_address>
         <run_address>0x14a1</run_address>
         <size>0x45</size>
         <input_file_ref idref="fl-138"/>
      </object_component>
      <object_component id="oc-172">
         <name>.debug_abbrev</name>
         <load_address>0x14e6</load_address>
         <run_address>0x14e6</run_address>
         <size>0x29</size>
         <input_file_ref idref="fl-138"/>
      </object_component>
      <object_component id="oc-199">
         <name>.debug_abbrev</name>
         <load_address>0x150f</load_address>
         <run_address>0x150f</run_address>
         <size>0x6f</size>
         <input_file_ref idref="fl-138"/>
      </object_component>
      <object_component id="oc-165">
         <name>.debug_abbrev</name>
         <load_address>0x157e</load_address>
         <run_address>0x157e</run_address>
         <size>0x8e</size>
         <input_file_ref idref="fl-139"/>
      </object_component>
      <object_component id="oc-10d">
         <name>.debug_abbrev</name>
         <load_address>0x160c</load_address>
         <run_address>0x160c</run_address>
         <size>0x68</size>
         <input_file_ref idref="fl-139"/>
      </object_component>
      <object_component id="oc-169">
         <name>.debug_abbrev</name>
         <load_address>0x1674</load_address>
         <run_address>0x1674</run_address>
         <size>0x49</size>
         <input_file_ref idref="fl-139"/>
      </object_component>
      <object_component id="oc-159">
         <name>.debug_abbrev</name>
         <load_address>0x16bd</load_address>
         <run_address>0x16bd</run_address>
         <size>0x9a</size>
         <input_file_ref idref="fl-13a"/>
      </object_component>
      <object_component id="oc-10b">
         <name>.debug_abbrev</name>
         <load_address>0x1757</load_address>
         <run_address>0x1757</run_address>
         <size>0x7e</size>
         <input_file_ref idref="fl-13a"/>
      </object_component>
      <object_component id="oc-15d">
         <name>.debug_abbrev</name>
         <load_address>0x17d5</load_address>
         <run_address>0x17d5</run_address>
         <size>0x24</size>
         <input_file_ref idref="fl-13a"/>
      </object_component>
      <object_component id="oc-162">
         <name>.debug_abbrev</name>
         <load_address>0x17f9</load_address>
         <run_address>0x17f9</run_address>
         <size>0x4b</size>
         <input_file_ref idref="fl-13a"/>
      </object_component>
      <object_component id="oc-192">
         <name>.debug_abbrev</name>
         <load_address>0x1844</load_address>
         <run_address>0x1844</run_address>
         <size>0x9c</size>
         <input_file_ref idref="fl-13b"/>
      </object_component>
      <object_component id="oc-157">
         <name>.debug_abbrev</name>
         <load_address>0x18e0</load_address>
         <run_address>0x18e0</run_address>
         <size>0x8c</size>
         <input_file_ref idref="fl-13b"/>
      </object_component>
      <object_component id="oc-196">
         <name>.debug_abbrev</name>
         <load_address>0x196c</load_address>
         <run_address>0x196c</run_address>
         <size>0x24</size>
         <input_file_ref idref="fl-13b"/>
      </object_component>
      <object_component id="oc-1c3">
         <name>.debug_abbrev</name>
         <load_address>0x1990</load_address>
         <run_address>0x1990</run_address>
         <size>0xf</size>
      </object_component>
      <object_component id="oc-e9">
         <name>.debug_str</name>
         <load_address>0x0</load_address>
         <run_address>0x0</run_address>
         <size>0xf5</size>
         <input_file_ref idref="fl-2"/>
      </object_component>
      <object_component id="oc-e4">
         <name>.debug_str</name>
         <load_address>0xf5</load_address>
         <run_address>0xf5</run_address>
         <size>0x215</size>
         <input_file_ref idref="fl-2"/>
      </object_component>
[...]
            <object_component_ref idref="oc-a9"/>
            <object_component_ref idref="oc-a4"/>
            <object_component_ref idref="oc-97"/>
            <object_component_ref idref="oc-7d"/>
            <object_component_ref idref="oc-d2"/>
            <object_component_ref idref="oc-83"/>
            <object_component_ref idref="oc-142"/>
            <object_component_ref idref="oc-13d"/>
            <object_component_ref idref="oc-c1"/>
            <object_component_ref idref="oc-9d"/>
            <object_component_ref idref="oc-90"/>
            <object_component_ref idref="oc-8a"/>
            <object_component_ref idref="oc-149"/>
            <object_component_ref idref="oc-26"/>
            <object_component_ref idref="oc-16"/>
            <object_component_ref idref="oc-48"/>
            <object_component_ref idref="oc-1d"/>
            <object_component_ref idref="oc-21"/>
            <object_component_ref idref="oc-73"/>
            <object_component_ref idref="oc-3b"/>
            <object_component_ref idref="oc-53"/>
            <object_component_ref idref="oc-60"/>
            <object_component_ref idref="oc-16f"/>
            <object_component_ref idref="oc-6c"/>
            <object_component_ref idref="oc-67"/>
            <object_component_ref idref="oc-106"/>
         </contents>
      </logical_group>
      <logical_group id="lg-1b9" display="never" color="cyan">
         <name>.debug_pubnames</name>
         <load_address>0x0</load_address>
         <run_address>0x0</run_address>
         <size>0x732</size>
         <contents>
            <object_component_ref idref="oc-de"/>
            <object_component_ref idref="oc-33"/>
            <object_component_ref idref="oc-11"/>
            <object_component_ref idref="oc-2e"/>
            <object_component_ref idref="oc-129"/>
            <object_component_ref idref="oc-d9"/>
            <object_component_ref idref="oc-12f"/>
            <object_component_ref idref="oc-135"/>
            <object_component_ref idref="oc-b5"/>
            <object_component_ref idref="oc-ba"/>
            <object_component_ref idref="oc-ae"/>
            <object_component_ref idref="oc-150"/>
            <object_component_ref idref="oc-c7"/>
            <object_component_ref idref="oc-cd"/>
            <object_component_ref idref="oc-121"/>
            <object_component_ref idref="oc-a8"/>
            <object_component_ref idref="oc-a3"/>
            <object_component_ref idref="oc-96"/>
            <object_component_ref idref="oc-7e"/>
            <object_component_ref idref="oc-d3"/>
            <object_component_ref idref="oc-84"/>
            <object_component_ref idref="oc-143"/>
            <object_component_ref idref="oc-13e"/>
            <object_component_ref idref="oc-c2"/>
            <object_component_ref idref="oc-9e"/>
            <object_component_ref idref="oc-91"/>
            <object_component_ref idref="oc-8b"/>
            <object_component_ref idref="oc-14a"/>
            <object_component_ref idref="oc-27"/>
            <object_component_ref idref="oc-15"/>
            <object_component_ref idref="oc-47"/>
            <object_component_ref idref="oc-1c"/>
            <object_component_ref idref="oc-23"/>
            <object_component_ref idref="oc-114"/>
            <object_component_ref idref="oc-72"/>
            <object_component_ref idref="oc-3c"/>
            <object_component_ref idref="oc-56"/>
            <object_component_ref idref="oc-61"/>
            <object_component_ref idref="oc-78"/>
            <object_component_ref idref="oc-111"/>
            <object_component_ref idref="oc-16e"/>
            <object_component_ref idref="oc-6d"/>
            <object_component_ref idref="oc-66"/>
            <object_component_ref idref="oc-10a"/>
         </contents>
      </logical_group>
      <logical_group id="lg-1bb" display="never" color="cyan">
         <name>.debug_pubtypes</name>
         <load_address>0x0</load_address>
         <run_address>0x0</run_address>
         <size>0x5d9</size>
         <contents>
            <object_component_ref idref="oc-e6"/>
            <object_component_ref idref="oc-e1"/>
            <object_component_ref idref="oc-ed"/>
            <object_component_ref idref="oc-181"/>
            <object_component_ref idref="oc-40"/>
            <object_component_ref idref="oc-f3"/>
            <object_component_ref idref="oc-4e"/>
            <object_component_ref idref="oc-fd"/>
            <object_component_ref idref="oc-59"/>
            <object_component_ref idref="oc-117"/>
            <object_component_ref idref="oc-175"/>
            <object_component_ref idref="oc-168"/>
            <object_component_ref idref="oc-15c"/>
            <object_component_ref idref="oc-161"/>
            <object_component_ref idref="oc-195"/>
         </contents>
      </logical_group>
      <load_segment id="lg-1ca" display="no" color="cyan">
         <name>SEGMENT_0</name>
         <load_address>0x0</load_address>
         <run_address>0x0</run_address>
         <size>0xdf8</size>
         <flags>0x5</flags>
         <contents>
            <logical_group_ref idref="lg-3"/>
            <logical_group_ref idref="lg-4"/>
            <logical_group_ref idref="lg-5"/>
            <logical_group_ref idref="lg-6"/>
         </contents>
      </load_segment>
      <load_segment id="lg-1cb" display="no" color="cyan">
         <name>SEGMENT_1</name>
         <run_address>0x20000000</run_address>
         <size>0x215</size>
         <flags>0x6</flags>
         <contents>
            <logical_group_ref idref="lg-d"/>
            <logical_group_ref idref="lg-a"/>
            <logical_group_ref idref="lg-b"/>
         </contents>
      </load_segment>
   </logical_group_list>
   <placement_map>
      <memory_area display="yes" color="green">
         <name>FLASH</name>
         <page_id>0x0</page_id>
         <origin>0x0</origin>
         <length>0x40000</length>
         <used_space>0xdf4</used_space>
         <unused_space>0x3f20c</unused_space>
         <attributes>RX</attributes>
         <usage_details>
            <allocated_space>
               <start_address>0x0</start_address>
               <size>0x26c</size>
               <logical_group_ref idref="lg-3"/>
            </allocated_space>
            <allocated_space>
               <start_address>0x26c</start_address>
               <size>0x9e4</size>
               <logical_group_ref idref="lg-4"/>
            </allocated_space>
            <allocated_space>
               <start_address>0xc50</start_address>
               <size>0x16c</size>
               <logical_group_ref idref="lg-5"/>
            </allocated_space>
            <available_space>
               <start_address>0xdbc</start_address>
               <size>0x4</size>
            </available_space>
            <allocated_space>
               <start_address>0xdc0</start_address>
               <size>0x38</size>
               <logical_group_ref idref="lg-6"/>
            </allocated_space>
            <available_space>
               <start_address>0xdf8</start_address>
               <size>0x3f208</size>
            </available_space>
         </usage_details>
      </memory_area>
      <memory_area display="yes" color="green">
         <name>SRAM</name>
         <page_id>0x0</page_id>
         <origin>0x20000000</origin>
         <length>0x8000</length>
         <used_space>0x215</used_space>
         <unused_space>0x7deb</unused_space>
         <attributes>RWX</attributes>
         <usage_details>
            <allocated_space>
               <start_address>0x20000000</start_address>
               <size>0x200</size>
               <logical_group_ref idref="lg-d"/>
            </allocated_space>
            <allocated_space>
               <start_address>0x20000200</start_address>
               <size>0x14</size>
               <logical_group_ref idref="lg-19e"/>
            </allocated_space>
            <allocated_space>
               <start_address>0x20000214</start_address>
               <size>0x1</size>
               <logical_group_ref idref="lg-19c"/>
            </allocated_space>
            <available_space>
               <start_address>0x20000215</start_address>
               <size>0x7deb</size>
            </available_space>
         </usage_details>
      </memory_area>
   </placement_map>
   <cptbl_list>
      <cptbl>
         <name>__TI_cinit_table</name>
         <cprec>
            <name>.data</name>
            <load_address>0xdc0</load_address>
            <load_size>0xf</load_size>
            <run_address>0x20000200</run_address>
            <run_size>0x14</run_size>
            <compression>rle</compression>
         </cprec>
         <cprec>
            <name>.bss</name>
            <load_address>0xde0</load_address>
            <load_size>0x8</load_size>
            <run_address>0x20000214</run_address>
            <run_size>0x1</run_size>
            <compression>zero_init</compression>
         </cprec>
      </cptbl>
   </cptbl_list>
   <handler_table>
      <handler_table_name>__TI_handler_table</handler_table_name>
      <handler>
         <index>0x0</index>
         <name>__TI_decompress_rle24</name>
      </handler>
      <handler>
         <index>0x1</index>
         <name>__TI_decompress_none</name>
      </handler>
      <handler>
         <index>0x2</index>
         <name>__TI_zero_init</name>
      </handler>
   </handler_table>
   <symbol_table>
      <symbol id="sm-1">
         <name>__STACK_TOP</name>
         <value>0x20000200</value>
      </symbol>
      <symbol id="sm-2">
         <name>__TI_CINIT_Base</name>
         <value>0xde8</value>
      </symbol>
      <symbol id="sm-3">
         <name>__TI_CINIT_Limit</name>
         <value>0xdf8</value>
      </symbol>
      <symbol id="sm-4">
         <name>__TI_Handler_Table_Base</name>
         <value>0xdd0</value>
      </symbol>
      <symbol id="sm-5">
         <name>__TI_Handler_Table_Limit</name>
         <value>0xddc</value>
      </symbol>
      <symbol id="sm-6">
         <name>binit</name>
         <value>0xffffffff</value>
      </symbol>
      <symbol id="sm-7">
         <name>__binit__</name>
         <value>0xffffffff</value>
      </symbol>
      <symbol id="sm-8">
         <name>__STACK_SIZE</name>
         <value>0x200</value>
      </symbol>
      <symbol id="sm-9">
         <name>__STACK_END</name>
         <value>0x20000200</value>
      </symbol>
      <symbol id="sm-a">
         <name>__c_args__</name>
         <value>0xffffffff</value>
      </symbol>
      <symbol id="sm-48">
         <name>car</name>
         <value>0x20000214</value>
      </symbol>
      <symbol id="sm-49">
         <name>UARTIntHandler</name>
         <value>0x26d</value>
         <object_component_ref idref="oc-30"/>
      </symbol>
      <symbol id="sm-4a">
         <name>main</name>
         <value>0x2b3</value>
         <object_component_ref idref="oc-30"/>
      </symbol>
      <symbol id="sm-6b">
         <name>ResetISR</name>
         <value>0xc0f</value>
         <object_component_ref idref="oc-2a"/>
      </symbol>
      <symbol id="sm-6c">
         <name>g_pfnVectors</name>
         <value>0x0</value>
         <object_component_ref idref="oc-f"/>
      </symbol>
      <symbol id="sm-ae">
         <name>GPIOPinConfigure</name>
         <value>0xa09</value>
         <object_component_ref idref="oc-ac"/>
      </symbol>
      <symbol id="sm-af">
         <name>GPIOPinTypeUART</name>
         <value>0xbad</value>
         <object_component_ref idref="oc-b2"/>
      </symbol>
      <symbol id="sm-b0">
         <name>GPIOPinTypeGPIOOutput</name>
         <value>0xb55</value>
         <object_component_ref idref="oc-b8"/>
      </symbol>
      <symbol id="sm-b1">
         <name>GPIODirModeSet</name>
         <value>0xb0d</value>
         <object_component_ref idref="oc-12c"/>
      </symbol>
      <symbol id="sm-b2">
         <name>GPIOPinWrite</name>
         <value>0xc37</value>
         <object_component_ref idref="oc-d6"/>
      </symbol>
      <symbol id="sm-b3">
         <name>GPIOPadConfigSet</name>
         <value>0x3e9</value>
         <object_component_ref idref="oc-132"/>
      </symbol>
      <symbol id="sm-e3">
         <name>IntEnable</name>
         <value>0x905</value>
         <object_component_ref idref="oc-ca"/>
      </symbol>
      <symbol id="sm-e4">
         <name>IntMasterEnable</name>
         <value>0xbbf</value>
         <object_component_ref idref="oc-c4"/>
      </symbol>
      <symbol id="sm-135">
         <name>SysCtlClockSet</name>
         <value>0x625</value>
         <object_component_ref idref="oc-a0"/>
      </symbol>
      <symbol id="sm-136">
         <name>SysCtlDelay</name>
         <value>0xc3d</value>
         <object_component_ref idref="oc-99"/>
      </symbol>
      <symbol id="sm-137">
         <name>SysCtlPeripheralEnable</name>
         <value>0xad9</value>
         <object_component_ref idref="oc-a6"/>
      </symbol>
      <symbol id="sm-138">
         <name>SysCtlClockGet</name>
         <value>0x519</value>
         <object_component_ref idref="oc-93"/>
      </symbol>
      <symbol id="sm-18a">
         <name>UARTConfigSetExpClk</name>
         <value>0xa95</value>
         <object_component_ref idref="oc-be"/>
      </symbol>
      <symbol id="sm-18b">
         <name>UARTDisable</name>
         <value>0xb39</value>
         <object_component_ref idref="oc-13a"/>
      </symbol>
      <symbol id="sm-18c">
         <name>UARTIntEnable</name>
         <value>0xc2f</value>
         <object_component_ref idref="oc-d0"/>
      </symbol>
      <symbol id="sm-18d">
         <name>UARTCharsAvail</name>
         <value>0xbf7</value>
         <object_component_ref idref="oc-9a"/>
      </symbol>
      <symbol id="sm-18e">
         <name>UARTCharGetNonBlocking</name>
         <value>0xbcf</value>
         <object_component_ref idref="oc-87"/>
      </symbol>
      <symbol id="sm-18f">
         <name>UARTCharPut</name>
         <value>0xc1b</value>
         <object_component_ref idref="oc-8d"/>
      </symbol>
      <symbol id="sm-190">
         <name>UARTEnable</name>
         <value>0xb85</value>
         <object_component_ref idref="oc-140"/>
      </symbol>
      <symbol id="sm-191">
         <name>UARTIntClear</name>
         <value>0xc49</value>
         <object_component_ref idref="oc-81"/>
      </symbol>
      <symbol id="sm-192">
         <name>UARTIntStatus</name>
         <value>0xc25</value>
         <object_component_ref idref="oc-7b"/>
      </symbol>
      <symbol id="sm-19c">
         <name>CPUcpsie</name>
         <value>0xbeb</value>
         <object_component_ref idref="oc-147"/>
      </symbol>
      <symbol id="sm-1ae">
         <name>_c_int00</name>
         <value>0x96d</value>
         <object_component_ref idref="oc-24"/>
      </symbol>
      <symbol id="sm-1af">
         <name>__stack</name>
         <value>0x20000000</value>
         <object_component_ref idref="oc-29"/>
      </symbol>
      <symbol id="sm-1c6">
         <name>__TI_decompress_none</name>
         <value>0xbdd</value>
         <object_component_ref idref="oc-12"/>
      </symbol>
      <symbol id="sm-1ee">
         <name>__TI_decompress_rle24</name>
         <value>0xc43</value>
         <object_component_ref idref="oc-18"/>
      </symbol>
      <symbol id="sm-200">
         <name>__TI_zero_init</name>
         <value>0xc03</value>
         <object_component_ref idref="oc-1e"/>
      </symbol>
      <symbol id="sm-21f">
         <name>C$$EXIT</name>
         <value>0xa51</value>
         <object_component_ref idref="oc-70"/>
      </symbol>
      <symbol id="sm-220">
         <name>abort</name>
         <value>0xa55</value>
         <object_component_ref idref="oc-70"/>
      </symbol>
      <symbol id="sm-221">
         <name>exit</name>
         <value>0xa5d</value>
         <object_component_ref idref="oc-70"/>
      </symbol>
      <symbol id="sm-222">
         <name>__TI_dtors_ptr</name>
         <value>0x2000020c</value>
         <object_component_ref idref="oc-112"/>
      </symbol>
      <symbol id="sm-223">
         <name>__TI_cleanup_ptr</name>
         <value>0x20000208</value>
         <object_component_ref idref="oc-112"/>
      </symbol>
      <symbol id="sm-23e">
         <name>memcpy</name>
         <value>0x715</value>
         <object_component_ref idref="oc-39"/>
      </symbol>
      <symbol id="sm-23f">
         <name>__aeabi_memcpy</name>
         <value>0x715</value>
         <object_component_ref idref="oc-39"/>
      </symbol>
      <symbol id="sm-240">
         <name>__aeabi_memcpy8</name>
         <value>0x715</value>
         <object_component_ref idref="oc-39"/>
      </symbol>
      <symbol id="sm-241">
         <name>__aeabi_memcpy4</name>
         <value>0x715</value>
         <object_component_ref idref="oc-39"/>
      </symbol>
      <symbol id="sm-250">
         <name>__aeabi_memset</name>
         <value>0x7b3</value>
         <object_component_ref idref="oc-52"/>
      </symbol>
      <symbol id="sm-251">
         <name>memset</name>
         <value>0x7b9</value>
         <object_component_ref idref="oc-52"/>
      </symbol>
      <symbol id="sm-252">
         <name>__aeabi_memset8</name>
         <value>0x7b3</value>
         <object_component_ref idref="oc-52"/>
      </symbol>
      <symbol id="sm-253">
         <name>__aeabi_memset4</name>
         <value>0x7b3</value>
         <object_component_ref idref="oc-52"/>
      </symbol>
      <symbol id="sm-254">
         <name>__aeabi_memclr8</name>
         <value>0x7b1</value>
         <object_component_ref idref="oc-52"/>
      </symbol>
      <symbol id="sm-255">
         <name>__aeabi_memclr4</name>
         <value>0x7b1</value>
         <object_component_ref idref="oc-52"/>
      </symbol>
      <symbol id="sm-256">
         <name>__aeabi_memclr</name>
         <value>0x7b1</value>
         <object_component_ref idref="oc-52"/>
      </symbol>
      <symbol id="sm-260">
         <name>_system_pre_init</name>
         <value>0xc4d</value>
         <object_component_ref idref="oc-5e"/>
      </symbol>
      <symbol id="sm-268">
         <name>main_func_sp</name>
         <value>0x20000210</value>
         <object_component_ref idref="oc-76"/>
      </symbol>
      <symbol id="sm-281">
         <name>_nop</name>
         <value>0xba7</value>
         <object_component_ref idref="oc-16c"/>
      </symbol>
      <symbol id="sm-282">
         <name>_lock</name>
         <value>0x20000200</value>
         <object_component_ref idref="oc-10f"/>
      </symbol>
      <symbol id="sm-283">
         <name>_unlock</name>
         <value>0x20000204</value>
         <object_component_ref idref="oc-10f"/>
      </symbol>
      <symbol id="sm-284">
         <name>_register_lock</name>
         <value>0xb9f</value>
         <object_component_ref idref="oc-16c"/>
      </symbol>
      <symbol id="sm-285">
         <name>_register_unlock</name>
         <value>0xb99</value>
         <object_component_ref idref="oc-16c"/>
      </symbol>
      <symbol id="sm-29a">
         <name>_args_main</name>
         <value>0xb6d</value>
         <object_component_ref idref="oc-6a"/>
      </symbol>
      <symbol id="sm-2c0">
         <name>__TI_auto_init</name>
         <value>0x82d</value>
         <object_component_ref idref="oc-64"/>
      </symbol>
      <symbol id="sm-2da">
         <name>copy_in</name>
         <value>0x9bd</value>
         <object_component_ref idref="oc-105"/>
      </symbol>
      <symbol id="sm-2db">
         <name>__TI_static_base__</name>
         <value>0x0</value>
      </symbol>
      <symbol id="sm-2de">
         <name>SHT$$INIT_ARRAY$$Limit</name>
         <value>0x0</value>
      </symbol>
      <symbol id="sm-2df">
         <name>SHT$$INIT_ARRAY$$Base</name>
         <value>0x0</value>
      </symbol>
   </symbol_table>
   <title>Link successful</title>
</link_info>
