******************************************************************************
                  TI ARM Linker PC v5.2.2                      
******************************************************************************
>> Linked Fri Apr 07 14:54:58 2017

OUTPUT FILE NAME:   <Mercury.out>
ENTRY POINT SYMBOL: "_c_int00"  address: 00000f71


MEMORY CONFIGURATION

         name            origin    length      used     unused   attr    fill
----------------------  --------  ---------  --------  --------  ----  --------
  FLASH                 00000000   00040000  0000148a  0003eb76  R  X
  SRAM                  20000000   00008000  0000022d  00007dd3  RW X


SEGMENT ALLOCATION MAP

run origin  load origin   length   init length attrs members
----------  ----------- ---------- ----------- ----- -------
00000000    00000000    00001490   00001490    r-x
  00000000    00000000    0000026c   0000026c    r-- .intvecs
  0000026c    0000026c    00001072   00001072    r-x .text
  000012e0    000012e0    0000016c   0000016c    r-- .const
  00001450    00001450    00000040   00000040    r-- .cinit
20000000    20000000    0000022d   00000000    rw-
  20000000    20000000    00000200   00000000    rw- .stack
  20000200    20000200    00000020   00000000    rw- .data
  20000220    20000220    0000000d   00000000    rw- .bss


SECTION ALLOCATION MAP

 output                                  attributes/
section   page    origin      length       input sections
--------  ----  ----------  ----------   ----------------
.intvecs   0    00000000    0000026c     
                  00000000    0000026c     tm4c123gh6pm_startup_ccs.obj (.intvecs)

.text      0    0000026c    00001072     
                  0000026c    00000780     main.obj (.text)
                  000009ec    00000130     driverlib.lib : gpio.obj (.text:GPIOPadConfigSet)
                  00000b1c    0000010c                   : sysctl.obj (.text:SysCtlClockGet)
                  00000c28    000000f0                   : sysctl.obj (.text:SysCtlClockSet)
                  00000d18    0000009c     rtsv7M4_T_le_v4SPD16_eabi.lib : memcpy_t2.obj (.text)
                  00000db4    0000007a                                   : memset_t2.obj (.text)
                  00000e2e    00000002     --HOLE-- [fill = 0]
                  00000e30    0000006c                                   : autoinit.obj (.text)
                  00000e9c    0000006a                                   : copy_decompress_rle.obj (.text)
                  00000f06    00000002     --HOLE-- [fill = 0]
                  00000f08    00000068     driverlib.lib : interrupt.obj (.text:IntEnable)
                  00000f70    00000050     rtsv7M4_T_le_v4SPD16_eabi.lib : boot.obj (.text)
                  00000fc0    0000004c                                   : cpy_tbl.obj (.text)
                  0000100c    00000048     driverlib.lib : gpio.obj (.text:GPIOPinConfigure)
                  00001054    00000044     rtsv7M4_T_le_v4SPD16_eabi.lib : exit.obj (.text)
                  00001098    00000042     driverlib.lib : uart.obj (.text:UARTConfigSetExpClk)
                  000010da    00000002     --HOLE-- [fill = 0]
                  000010dc    00000034                   : sysctl.obj (.text:SysCtlPeripheralEnable)
                  00001110    0000002a                   : gpio.obj (.text:GPIODirModeSet)
                  0000113a    00000022                   : pwm.obj (.text:PWMGenConfigure)
                  0000115c    0000001e                   : pwm.obj (.text:PWMPulseWidthSet)
                  0000117a    00000002     --HOLE-- [fill = 0]
                  0000117c    0000001c                   : uart.obj (.text:UARTDisable)
                  00001198    00000018                   : gpio.obj (.text:GPIOPinTypeGPIOOutput)
                  000011b0    00000018     rtsv7M4_T_le_v4SPD16_eabi.lib : args_main.obj (.text)
                  000011c8    00000014     driverlib.lib : sysctl.obj (.text:SysCtlPWMClockSet)
                  000011dc    00000014                   : uart.obj (.text:UARTEnable)
                  000011f0    00000014     rtsv7M4_T_le_v4SPD16_eabi.lib : _lock.obj (.text)
                  00001204    00000012     driverlib.lib : gpio.obj (.text:GPIOPinTypePWM)
                  00001216    00000012                   : gpio.obj (.text:GPIOPinTypeUART)
                  00001228    00000012                   : pwm.obj (.text:PWMOutputState)
                  0000123a    00000010                   : interrupt.obj (.text:IntMasterEnable)
                  0000124a    00000010                   : pwm.obj (.text:PWMGenPeriodSet)
                  0000125a    0000000e                   : uart.obj (.text:UARTCharGetNonBlocking)
                  00001268    0000000e     rtsv7M4_T_le_v4SPD16_eabi.lib : copy_decompress_none.obj (.text:decompress:none)
                  00001276    0000000c     driverlib.lib : cpu.obj (.text:CPUcpsie)
                  00001282    0000000c                   : pwm.obj (.text:PWMGenEnable)
                  0000128e    0000000c                   : uart.obj (.text:UARTCharsAvail)
                  0000129a    0000000c     rtsv7M4_T_le_v4SPD16_eabi.lib : copy_zero_init.obj (.text:decompress:ZI)
                  000012a6    0000000c     tm4c123gh6pm_startup_ccs.obj (.text)
                  000012b2    0000000a     driverlib.lib : uart.obj (.text:UARTIntStatus)
                  000012bc    00000008                   : uart.obj (.text:UARTIntEnable)
                  000012c4    00000006                   : gpio.obj (.text:GPIOPinWrite)
                  000012ca    00000006                   : sysctl.obj (.text:SysCtlDelay)
                  000012d0    00000006     rtsv7M4_T_le_v4SPD16_eabi.lib : copy_decompress_rle.obj (.text:decompress:rle24)
                  000012d6    00000004     driverlib.lib : uart.obj (.text:UARTIntClear)
                  000012da    00000004     rtsv7M4_T_le_v4SPD16_eabi.lib : pre_init.obj (.text)

.const     0    000012e0    0000016c     
                  000012e0    00000090     driverlib.lib : gpio.obj (.const:g_pui32GPIOBaseAddrs)
                  00001370    00000070                   : interrupt.obj (.const)
                  000013e0    0000006c                   : sysctl.obj (.const:g_pui32Xtals)

.cinit     0    00001450    00000040     
                  00001450    0000001a     (.cinit..data.load) [load image, compression = rle]
                  0000146a    00000002     --HOLE-- [fill = 0]
                  0000146c    0000000c     (__TI_handler_table)
                  00001478    00000008     (.cinit..bss.load) [load image, compression = zero_init]
                  00001480    00000010     (__TI_cinit_table)

.init_array 
*          0    00000000    00000000     UNINITIALIZED

.stack     0    20000000    00000200     UNINITIALIZED
                  20000000    00000200     --HOLE--

.data      0    20000200    00000020     UNINITIALIZED
                  20000200    0000000c     main.obj (.data)
                  2000020c    00000008     rtsv7M4_T_le_v4SPD16_eabi.lib : _lock.obj (.data)
                  20000214    00000008                                   : exit.obj (.data)
                  2000021c    00000004                                   : stkdepth_vars.obj (.data)

.bss       0    20000220    0000000d     UNINITIALIZED
                  20000220    00000004     (.common:LoadDC)
                  20000224    00000004     (.common:LoadSV)
                  20000228    00000004     (.common:PWMClock)
                  2000022c    00000001     (.common:Command)

.TI.persistent 
*          0    20000200    00000000     UNINITIALIZED

.TI.noinit 
*          0    20000220    00000000     UNINITIALIZED


LINKER GENERATED COPY TABLES

__TI_cinit_table @ 00001480 records: 2, size/record: 8, table size: 16
	.data: load addr=00001450, load size=0000001a bytes, run addr=20000200, run size=00000020 bytes, compression=rle
	.bss: load addr=00001478, load size=00000008 bytes, run addr=20000220, run size=0000000d bytes, compression=zero_init


LINKER GENERATED HANDLER TABLE

__TI_handler_table @ 0000146c records: 3, size/record: 4, table size: 12
	index: 0, handler: __TI_decompress_rle24
	index: 1, handler: __TI_decompress_none
	index: 2, handler: __TI_zero_init


GLOBAL SYMBOLS: SORTED ALPHABETICALLY BY Name 

address   name                    
-------   ----                    
20000203  ARMB                    
20000202  ARMU                    
00001055  C$$EXIT                 
20000204  CAMERAB                 
20000205  CAMERAU                 
00001277  CPUcpsie                
2000022c  Command                 
20000201  Duty_Cycle_D            
20000200  Duty_Cycle_I            
20000206  EM                      
2000020a  EM_TOGGLE               
00001111  GPIODirModeSet          
000009ed  GPIOPadConfigSet        
0000100d  GPIOPinConfigure        
00001199  GPIOPinTypeGPIOOutput   
00001205  GPIOPinTypePWM          
00001217  GPIOPinTypeUART         
000012c5  GPIOPinWrite            
00000f09  IntEnable               
0000123b  IntMasterEnable         
20000208  LED_TOGGLE              
20000220  LoadDC                  
20000224  LoadSV                  
20000228  PWMClock                
0000113b  PWMGenConfigure         
00001283  PWMGenEnable            
0000124b  PWMGenPeriodSet         
00001229  PWMOutputState          
0000115d  PWMPulseWidthSet        
0000026d  PWM_Init                
000012a7  ResetISR                
UNDEFED   SHT$$INIT_ARRAY$$Base   
UNDEFED   SHT$$INIT_ARRAY$$Limit  
00000b1d  SysCtlClockGet          
00000c29  SysCtlClockSet          
000012cb  SysCtlDelay             
000011c9  SysCtlPWMClockSet       
000010dd  SysCtlPeripheralEnable  
0000125b  UARTCharGetNonBlocking  
0000128f  UARTCharsAvail          
00001099  UARTConfigSetExpClk     
0000117d  UARTDisable             
000011dd  UARTEnable              
000012d7  UARTIntClear            
000012bd  UARTIntEnable           
00000361  UARTIntHandler          
000012b3  UARTIntStatus           
20000200  __STACK_END             
00000200  __STACK_SIZE            
20000200  __STACK_TOP             
00001480  __TI_CINIT_Base         
00001490  __TI_CINIT_Limit        
0000146c  __TI_Handler_Table_Base 
00001478  __TI_Handler_Table_Limit
00000e31  __TI_auto_init          
20000214  __TI_cleanup_ptr        
00001269  __TI_decompress_none    
000012d1  __TI_decompress_rle24   
20000218  __TI_dtors_ptr          
00000000  __TI_static_base__      
0000129b  __TI_zero_init          
00000db5  __aeabi_memclr          
00000db5  __aeabi_memclr4         
00000db5  __aeabi_memclr8         
00000d19  __aeabi_memcpy          
00000d19  __aeabi_memcpy4         
00000d19  __aeabi_memcpy8         
00000db7  __aeabi_memset          
00000db7  __aeabi_memset4         
00000db7  __aeabi_memset8         
ffffffff  __binit__               
ffffffff  __c_args__              
20000000  __stack                 
000011b1  _args_main              
00000f71  _c_int00                
2000020c  _lock                   
000011ff  _nop                    
000011f7  _register_lock          
000011f1  _register_unlock        
000012db  _system_pre_init        
20000210  _unlock                 
00001059  abort                   
ffffffff  binit                   
00000fc1  copy_in                 
00001061  exit                    
00000000  g_pfnVectors            
000003e9  main                    
2000021c  main_func_sp            
00000d19  memcpy                  
00000dbd  memset                  


GLOBAL SYMBOLS: SORTED BY Symbol Address 

address   name                    
-------   ----                    
00000000  __TI_static_base__      
00000000  g_pfnVectors            
00000200  __STACK_SIZE            
0000026d  PWM_Init                
00000361  UARTIntHandler          
000003e9  main                    
000009ed  GPIOPadConfigSet        
00000b1d  SysCtlClockGet          
00000c29  SysCtlClockSet          
00000d19  __aeabi_memcpy          
00000d19  __aeabi_memcpy4         
00000d19  __aeabi_memcpy8         
00000d19  memcpy                  
00000db5  __aeabi_memclr          
00000db5  __aeabi_memclr4         
00000db5  __aeabi_memclr8         
00000db7  __aeabi_memset          
00000db7  __aeabi_memset4         
00000db7  __aeabi_memset8         
00000dbd  memset                  
00000e31  __TI_auto_init          
00000f09  IntEnable               
00000f71  _c_int00                
00000fc1  copy_in                 
0000100d  GPIOPinConfigure        
00001055  C$$EXIT                 
00001059  abort                   
00001061  exit                    
00001099  UARTConfigSetExpClk     
000010dd  SysCtlPeripheralEnable  
00001111  GPIODirModeSet          
0000113b  PWMGenConfigure         
0000115d  PWMPulseWidthSet        
0000117d  UARTDisable             
00001199  GPIOPinTypeGPIOOutput   
000011b1  _args_main              
000011c9  SysCtlPWMClockSet       
000011dd  UARTEnable              
000011f1  _register_unlock        
000011f7  _register_lock          
000011ff  _nop                    
00001205  GPIOPinTypePWM          
00001217  GPIOPinTypeUART         
00001229  PWMOutputState          
0000123b  IntMasterEnable         
0000124b  PWMGenPeriodSet         
0000125b  UARTCharGetNonBlocking  
00001269  __TI_decompress_none    
00001277  CPUcpsie                
00001283  PWMGenEnable            
0000128f  UARTCharsAvail          
0000129b  __TI_zero_init          
000012a7  ResetISR                
000012b3  UARTIntStatus           
000012bd  UARTIntEnable           
000012c5  GPIOPinWrite            
000012cb  SysCtlDelay             
000012d1  __TI_decompress_rle24   
000012d7  UARTIntClear            
000012db  _system_pre_init        
0000146c  __TI_Handler_Table_Base 
00001478  __TI_Handler_Table_Limit
00001480  __TI_CINIT_Base         
00001490  __TI_CINIT_Limit        
20000000  __stack                 
20000200  Duty_Cycle_I            
20000200  __STACK_END             
20000200  __STACK_TOP             
20000201  Duty_Cycle_D            
20000202  ARMU                    
20000203  ARMB                    
20000204  CAMERAB                 
20000205  CAMERAU                 
20000206  EM                      
20000208  LED_TOGGLE              
2000020a  EM_TOGGLE               
2000020c  _lock                   
20000210  _unlock                 
20000214  __TI_cleanup_ptr        
20000218  __TI_dtors_ptr          
2000021c  main_func_sp            
20000220  LoadDC                  
20000224  LoadSV                  
20000228  PWMClock                
2000022c  Command                 
ffffffff  __binit__               
ffffffff  __c_args__              
ffffffff  binit                   
UNDEFED   SHT$$INIT_ARRAY$$Base   
UNDEFED   SHT$$INIT_ARRAY$$Limit  

[90 symbols]
