******************************************************************************
                  TI ARM Linker PC v5.2.6                      
******************************************************************************
>> Linked Tue Mar 15 21:40:16 2016

OUTPUT FILE NAME:   <Telescopio.out>
ENTRY POINT SYMBOL: "_c_int00"  address: 000009d9


MEMORY CONFIGURATION

         name            origin    length      used     unused   attr    fill
----------------------  --------  ---------  --------  --------  ----  --------
  FLASH                 00000000   00040000  00000ed4  0003f12c  R  X
  SRAM                  20000000   00008000  0000021d  00007de3  RW X


SEGMENT ALLOCATION MAP

run origin  load origin   length   init length attrs members
----------  ----------- ---------- ----------- ----- -------
00000000    00000000    00000ed8   00000ed8    r-x
  00000000    00000000    0000026c   0000026c    r-- .intvecs
  0000026c    0000026c    00000ac4   00000ac4    r-x .text
  00000d30    00000d30    0000016c   0000016c    r-- .const
  00000ea0    00000ea0    00000038   00000038    r-- .cinit
20000000    20000000    0000021d   00000000    rw-
  20000000    20000000    00000200   00000000    rw- .stack
  20000200    20000200    00000014   00000000    rw- .data
  20000214    20000214    00000009   00000000    rw- .bss


SECTION ALLOCATION MAP

 output                                  attributes/
section   page    origin      length       input sections
--------  ----  ----------  ----------   ----------------
.intvecs   0    00000000    0000026c     
                  00000000    0000026c     tm4c123gh6pm_startup_ccs.obj (.intvecs)

.text      0    0000026c    00000ac4     
                  0000026c    000001e8     main.obj (.text)
                  00000454    00000130     driverlib.lib : gpio.obj (.text:GPIOPadConfigSet)
                  00000584    0000010c                   : sysctl.obj (.text:SysCtlClockGet)
                  00000690    000000f0                   : sysctl.obj (.text:SysCtlClockSet)
                  00000780    0000009c     rtsv7M4_T_le_v4SPD16_eabi.lib : memcpy_t2.obj (.text)
                  0000081c    0000007a                                   : memset_t2.obj (.text)
                  00000896    00000002     --HOLE-- [fill = 0]
                  00000898    0000006c                                   : autoinit.obj (.text)
                  00000904    0000006a                                   : copy_decompress_rle.obj (.text)
                  0000096e    00000002     --HOLE-- [fill = 0]
                  00000970    00000068     driverlib.lib : interrupt.obj (.text:IntEnable)
                  000009d8    00000050     rtsv7M4_T_le_v4SPD16_eabi.lib : boot.obj (.text)
                  00000a28    0000004c                                   : cpy_tbl.obj (.text)
                  00000a74    00000048     driverlib.lib : gpio.obj (.text:GPIOPinConfigure)
                  00000abc    00000044     rtsv7M4_T_le_v4SPD16_eabi.lib : exit.obj (.text)
                  00000b00    00000042     driverlib.lib : uart.obj (.text:UARTConfigSetExpClk)
                  00000b42    00000002     --HOLE-- [fill = 0]
                  00000b44    00000034                   : sysctl.obj (.text:SysCtlPeripheralEnable)
                  00000b78    0000002a                   : gpio.obj (.text:GPIODirModeSet)
                  00000ba2    00000022                   : pwm.obj (.text:PWMGenConfigure)
                  00000bc4    0000001c                   : uart.obj (.text:UARTDisable)
                  00000be0    00000018                   : gpio.obj (.text:GPIOPinTypeGPIOOutput)
                  00000bf8    00000018     rtsv7M4_T_le_v4SPD16_eabi.lib : args_main.obj (.text)
                  00000c10    00000014     driverlib.lib : sysctl.obj (.text:SysCtlPWMClockSet)
                  00000c24    00000014                   : uart.obj (.text:UARTEnable)
                  00000c38    00000014     rtsv7M4_T_le_v4SPD16_eabi.lib : _lock.obj (.text)
                  00000c4c    00000012     driverlib.lib : gpio.obj (.text:GPIOPinTypePWM)
                  00000c5e    00000012                   : gpio.obj (.text:GPIOPinTypeUART)
                  00000c70    00000012                   : pwm.obj (.text:PWMOutputState)
                  00000c82    00000010                   : interrupt.obj (.text:IntMasterEnable)
                  00000c92    00000010                   : pwm.obj (.text:PWMGenPeriodSet)
                  00000ca2    0000000e                   : uart.obj (.text:UARTCharGetNonBlocking)
                  00000cb0    0000000e     rtsv7M4_T_le_v4SPD16_eabi.lib : copy_decompress_none.obj (.text:decompress:none)
                  00000cbe    0000000c     driverlib.lib : cpu.obj (.text:CPUcpsie)
                  00000cca    0000000c                   : pwm.obj (.text:PWMGenEnable)
                  00000cd6    0000000c                   : uart.obj (.text:UARTCharsAvail)
                  00000ce2    0000000c     rtsv7M4_T_le_v4SPD16_eabi.lib : copy_zero_init.obj (.text:decompress:ZI)
                  00000cee    0000000c     tm4c123gh6pm_startup_ccs.obj (.text)
                  00000cfa    0000000a     driverlib.lib : uart.obj (.text:UARTCharPut)
                  00000d04    0000000a                   : uart.obj (.text:UARTIntStatus)
                  00000d0e    00000008                   : uart.obj (.text:UARTIntEnable)
                  00000d16    00000006                   : gpio.obj (.text:GPIOPinWrite)
                  00000d1c    00000006                   : sysctl.obj (.text:SysCtlDelay)
                  00000d22    00000006     rtsv7M4_T_le_v4SPD16_eabi.lib : copy_decompress_rle.obj (.text:decompress:rle24)
                  00000d28    00000004     driverlib.lib : uart.obj (.text:UARTIntClear)
                  00000d2c    00000004     rtsv7M4_T_le_v4SPD16_eabi.lib : pre_init.obj (.text)

.const     0    00000d30    0000016c     
                  00000d30    00000090     driverlib.lib : gpio.obj (.const:g_pui32GPIOBaseAddrs)
                  00000dc0    00000070                   : interrupt.obj (.const)
                  00000e30    0000006c                   : sysctl.obj (.const:g_pui32Xtals)

.cinit     0    00000ea0    00000038     
                  00000ea0    0000000f     (.cinit..data.load) [load image, compression = rle]
                  00000eaf    00000001     --HOLE-- [fill = 0]
                  00000eb0    0000000c     (__TI_handler_table)
                  00000ebc    00000004     --HOLE-- [fill = 0]
                  00000ec0    00000008     (.cinit..bss.load) [load image, compression = zero_init]
                  00000ec8    00000010     (__TI_cinit_table)

.init_array 
*          0    00000000    00000000     UNINITIALIZED

.stack     0    20000000    00000200     UNINITIALIZED
                  20000000    00000200     --HOLE--

.data      0    20000200    00000014     UNINITIALIZED
                  20000200    00000008     rtsv7M4_T_le_v4SPD16_eabi.lib : _lock.obj (.data)
                  20000208    00000008                                   : exit.obj (.data)
                  20000210    00000004                                   : stkdepth_vars.obj (.data)

.bss       0    20000214    00000009     UNINITIALIZED
                  20000214    00000004     (.common:Load)
                  20000218    00000004     (.common:PWMClock)
                  2000021c    00000001     (.common:car)

.TI.persistent 
*          0    20000200    00000000     UNINITIALIZED

.TI.noinit 
*          0    20000214    00000000     UNINITIALIZED


LINKER GENERATED COPY TABLES

__TI_cinit_table @ 00000ec8 records: 2, size/record: 8, table size: 16
	.data: load addr=00000ea0, load size=0000000f bytes, run addr=20000200, run size=00000014 bytes, compression=rle
	.bss: load addr=00000ec0, load size=00000008 bytes, run addr=20000214, run size=00000009 bytes, compression=zero_init


LINKER GENERATED HANDLER TABLE

__TI_handler_table @ 00000eb0 records: 3, size/record: 4, table size: 12
	index: 0, handler: __TI_decompress_rle24
	index: 1, handler: __TI_decompress_none
	index: 2, handler: __TI_zero_init


GLOBAL SYMBOLS: SORTED ALPHABETICALLY BY Name 

address   name                    
-------   ----                    
00000abd  C$$EXIT                 
00000cbf  CPUcpsie                
000003d5  ConfiguracionPWM        
00000b79  GPIODirModeSet          
00000455  GPIOPadConfigSet        
00000a75  GPIOPinConfigure        
00000be1  GPIOPinTypeGPIOOutput   
00000c4d  GPIOPinTypePWM          
00000c5f  GPIOPinTypeUART         
00000d17  GPIOPinWrite            
00000971  IntEnable               
00000c83  IntMasterEnable         
20000214  Load                    
20000218  PWMClock                
00000ba3  PWMGenConfigure         
00000ccb  PWMGenEnable            
00000c93  PWMGenPeriodSet         
00000c71  PWMOutputState          
00000cef  ResetISR                
UNDEFED   SHT$$INIT_ARRAY$$Base   
UNDEFED   SHT$$INIT_ARRAY$$Limit  
00000585  SysCtlClockGet          
00000691  SysCtlClockSet          
00000d1d  SysCtlDelay             
00000c11  SysCtlPWMClockSet       
00000b45  SysCtlPeripheralEnable  
00000ca3  UARTCharGetNonBlocking  
00000cfb  UARTCharPut             
00000cd7  UARTCharsAvail          
00000b01  UARTConfigSetExpClk     
00000bc5  UARTDisable             
00000c25  UARTEnable              
00000d29  UARTIntClear            
00000d0f  UARTIntEnable           
0000026d  UARTIntHandler          
00000d05  UARTIntStatus           
20000200  __STACK_END             
00000200  __STACK_SIZE            
20000200  __STACK_TOP             
00000ec8  __TI_CINIT_Base         
00000ed8  __TI_CINIT_Limit        
00000eb0  __TI_Handler_Table_Base 
00000ebc  __TI_Handler_Table_Limit
00000899  __TI_auto_init          
20000208  __TI_cleanup_ptr        
00000cb1  __TI_decompress_none    
00000d23  __TI_decompress_rle24   
2000020c  __TI_dtors_ptr          
00000000  __TI_static_base__      
00000ce3  __TI_zero_init          
0000081d  __aeabi_memclr          
0000081d  __aeabi_memclr4         
0000081d  __aeabi_memclr8         
00000781  __aeabi_memcpy          
00000781  __aeabi_memcpy4         
00000781  __aeabi_memcpy8         
0000081f  __aeabi_memset          
0000081f  __aeabi_memset4         
0000081f  __aeabi_memset8         
ffffffff  __binit__               
ffffffff  __c_args__              
20000000  __stack                 
00000bf9  _args_main              
000009d9  _c_int00                
20000200  _lock                   
00000c47  _nop                    
00000c3f  _register_lock          
00000c39  _register_unlock        
00000d2d  _system_pre_init        
20000204  _unlock                 
00000ac1  abort                   
ffffffff  binit                   
2000021c  car                     
00000a29  copy_in                 
00000ac9  exit                    
00000000  g_pfnVectors            
000002b3  main                    
20000210  main_func_sp            
00000781  memcpy                  
00000825  memset                  


GLOBAL SYMBOLS: SORTED BY Symbol Address 

address   name                    
-------   ----                    
00000000  __TI_static_base__      
00000000  g_pfnVectors            
00000200  __STACK_SIZE            
0000026d  UARTIntHandler          
000002b3  main                    
000003d5  ConfiguracionPWM        
00000455  GPIOPadConfigSet        
00000585  SysCtlClockGet          
00000691  SysCtlClockSet          
00000781  __aeabi_memcpy          
00000781  __aeabi_memcpy4         
00000781  __aeabi_memcpy8         
00000781  memcpy                  
0000081d  __aeabi_memclr          
0000081d  __aeabi_memclr4         
0000081d  __aeabi_memclr8         
0000081f  __aeabi_memset          
0000081f  __aeabi_memset4         
0000081f  __aeabi_memset8         
00000825  memset                  
00000899  __TI_auto_init          
00000971  IntEnable               
000009d9  _c_int00                
00000a29  copy_in                 
00000a75  GPIOPinConfigure        
00000abd  C$$EXIT                 
00000ac1  abort                   
00000ac9  exit                    
00000b01  UARTConfigSetExpClk     
00000b45  SysCtlPeripheralEnable  
00000b79  GPIODirModeSet          
00000ba3  PWMGenConfigure         
00000bc5  UARTDisable             
00000be1  GPIOPinTypeGPIOOutput   
00000bf9  _args_main              
00000c11  SysCtlPWMClockSet       
00000c25  UARTEnable              
00000c39  _register_unlock        
00000c3f  _register_lock          
00000c47  _nop                    
00000c4d  GPIOPinTypePWM          
00000c5f  GPIOPinTypeUART         
00000c71  PWMOutputState          
00000c83  IntMasterEnable         
00000c93  PWMGenPeriodSet         
00000ca3  UARTCharGetNonBlocking  
00000cb1  __TI_decompress_none    
00000cbf  CPUcpsie                
00000ccb  PWMGenEnable            
00000cd7  UARTCharsAvail          
00000ce3  __TI_zero_init          
00000cef  ResetISR                
00000cfb  UARTCharPut             
00000d05  UARTIntStatus           
00000d0f  UARTIntEnable           
00000d17  GPIOPinWrite            
00000d1d  SysCtlDelay             
00000d23  __TI_decompress_rle24   
00000d29  UARTIntClear            
00000d2d  _system_pre_init        
00000eb0  __TI_Handler_Table_Base 
00000ebc  __TI_Handler_Table_Limit
00000ec8  __TI_CINIT_Base         
00000ed8  __TI_CINIT_Limit        
20000000  __stack                 
20000200  __STACK_END             
20000200  __STACK_TOP             
20000200  _lock                   
20000204  _unlock                 
20000208  __TI_cleanup_ptr        
2000020c  __TI_dtors_ptr          
20000210  main_func_sp            
20000214  Load                    
20000218  PWMClock                
2000021c  car                     
ffffffff  __binit__               
ffffffff  __c_args__              
ffffffff  binit                   
UNDEFED   SHT$$INIT_ARRAY$$Base   
UNDEFED   SHT$$INIT_ARRAY$$Limit  

[80 symbols]
